[0m[00:00:08.913] [INFO] [omnigibson.simulator] ----- Starting OmniGibson. This will take 10-30 seconds... -----[0m
Starting kit application with the following args:  ['/root/miniconda3/envs/behavior/lib/python3.11/site-packages/isaacsim/exts/isaacsim.simulation_app/isaacsim/simulation_app/simulation_app.py', '/root/miniconda3/envs/behavior/lib/python3.11/site-packages/isaacsim/apps/omnigibson_5_1_0.kit', '--/app/tokens/exe-path=/root/miniconda3/envs/behavior/lib/python3.11/site-packages/isaacsim/kit', '--/persistent/app/viewport/displayOptions=3094', '--/rtx/materialDb/syncLoads=True', '--/rtx/hydra/materialSyncLoads=True', '--/omni.kit.plugin/syncUsdLoads=True', '--/app/renderer/resolution/width=1280', '--/app/renderer/resolution/height=720', '--/app/window/width=1440', '--/app/window/height=900', '--/renderer/multiGpu/enabled=False', '--/app/fastShutdown=True', '--/app/installSignalHandlers=0', '--ext-folder', '/root/miniconda3/envs/behavior/lib/python3.11/site-packages/isaacsim/exts', '--ext-folder', '/root/miniconda3/envs/behavior/lib/python3.11/site-packages/isaacsim/apps', '--/physics/cudaDevice=0', '--/plugins/carb.tasking.plugin/threadCount=32', '--/plugins/omni.tbb.globalcontrol/maxThreadCount=32', '--no-window', '--/app/window/hideUi=1', '--allow-root']
Passing the following args to the base kit application:  ['--portable-root', '/root/bw/BEHAVIOR-1K/OmniGibson/appdata/local', '--/app/tokens/omni_global_cache=/root/bw/BEHAVIOR-1K/OmniGibson/appdata/global/cache', '--/app/tokens/omni_global_data=/root/bw/BEHAVIOR-1K/OmniGibson/appdata/global/data']
[Info] [carb] Logging to file: /root/bw/BEHAVIOR-1K/OmniGibson/appdata/local/logs/Kit/OmniGibson/3.9/kit_20260813_042258.log
[0.065s] [ext: omni.kit.async_engine-0.0.3] startup
DEBUG:asyncio:Using selector: EpollSelector
[0.216s] [ext: omni.metrics.core-0.0.3] startup
[0.217s] [ext: omni.client.lib-1.1.0] startup
[0.235s] [ext: omni.blobkey-1.1.2] startup
[0.235s] [ext: omni.stats-1.0.1] startup
[0.236s] [ext: omni.datastore-0.0.0] startup
[0.244s] [ext: omni.client-1.3.0] startup
[0.250s] [ext: omni.ujitso.default-1.0.0] startup
[0.253s] [ext: omni.hsscclient-1.1.2] startup
[0.260s] [ext: omni.gpu_foundation.shadercache.vulkan-1.0.0] startup
[0.263s] [ext: omni.assets.plugins-0.0.0] startup
[0.265s] [ext: omni.gpu_foundation-0.0.0] startup
[0.275s] [ext: carb.windowing.plugins-1.0.0] startup
2026-08-13T04:22:59Z [250ms] [Warning] [carb.windowing-glfw.plugin] GLFW initialization failed.
2026-08-13T04:22:59Z [250ms] [Warning] [carb] Failed to startup plugin carb.windowing-glfw.plugin (interfaces: [carb::windowing::IGLContext v1.0],[carb::windowing::IWindowing v1.5]) (impl: carb.windowing-glfw.plugin)
[0.277s] [ext: omni.kit.renderer.init-0.0.0] startup
2026-08-13T04:22:59Z [330ms] [Warning] [omni.platforminfo.plugin] failed to open the default display.  Can't verify X Server version.

|---------------------------------------------------------------------------------------------|
| Driver Version: 580.159.04    | Graphics API: Vulkan
|=============================================================================================|
| GPU | Name                             | Active | LDA | GPU Memory | Vendor-ID | LUID       |
|     |                                  |        |     |            | Device-ID | UUID       |
|     |                                  |        |     |            | Bus-ID    |            |
|---------------------------------------------------------------------------------------------|
| 0   | NVIDIA RTX A5000                 | Yes: 0 |     | 24810   MB | 10de      | 0          |
|     |                                  |        |     |            | 2231      | cc413494.. |
|     |                                  |        |     |            | 4f        |            |
|=============================================================================================|
| OS: 24.04.2 LTS (Noble Numbat) ubuntu, Version: 24.04.2, Kernel: 6.8.0-134-generic
| Processor: Intel(R) Xeon(R) Gold 6342 CPU @ 2.80GHz
| Bare Metal Cores: 48 | Bare Metal Logical Cores: 96
| Core Usage Quota: 7.65
|---------------------------------------------------------------------------------------------|
| Total Memory (MB): 47683 | Free Memory: 10219
| Total Page/Swap (MB): 0 | Free Page/Swap: 0
|---------------------------------------------------------------------------------------------|
2026-08-13T04:23:00Z [1,328ms] [Warning] [gpu.foundation.plugin] IOMMU is enabled.
[1.705s] [ext: omni.materialx.libs-1.0.7] startup
[1.716s] [ext: omni.kit.loop-isaac-1.3.7] startup
[1.718s] [ext: omni.kit.test-2.0.1] startup
[1.748s] [ext: omni.usd.config-1.0.6] startup
[1.753s] [ext: omni.gpucompute.plugins-0.0.0] startup
[1.754s] [ext: omni.usd.libs-1.0.1] startup
[1.944s] [ext: omni.kit.telemetry-0.5.2] startup
[2.013s] [ext: omni.mdl-56.0.3] startup
[2.046s] [ext: omni.iray.libs-0.0.0] startup
[2.054s] [ext: omni.mdl.neuraylib-0.2.12] startup
[2.058s] [ext: omni.kit.usd.mdl-1.1.5] startup
[2.208s] [ext: omni.kit.pipapi-0.0.0] startup
[2.209s] [ext: omni.appwindow-1.1.10] startup
2026-08-13T04:23:01Z [2,185ms] [Warning] [carb.windowing-glfw.plugin] GLFW initialization failed.
2026-08-13T04:23:01Z [2,185ms] [Warning] [carb] Failed to startup plugin carb.windowing-glfw.plugin (interfaces: [carb::windowing::IGLContext v1.0],[carb::windowing::IWindowing v1.5]) (impl: carb.windowing-glfw.plugin)
[2.215s] [ext: omni.kit.renderer.core-1.1.0] startup
2026-08-13T04:23:01Z [2,212ms] [Warning] [carb.windowing-glfw.plugin] GLFW initialization failed.
2026-08-13T04:23:01Z [2,212ms] [Warning] [carb] Failed to startup plugin carb.windowing-glfw.plugin (interfaces: [carb::windowing::IGLContext v1.0],[carb::windowing::IWindowing v1.5]) (impl: carb.windowing-glfw.plugin)
2026-08-13T04:23:01Z [2,226ms] [Warning] [carb.windowing-glfw.plugin] GLFW initialization failed.
2026-08-13T04:23:01Z [2,226ms] [Warning] [carb] Failed to startup plugin carb.windowing-glfw.plugin (interfaces: [carb::windowing::IGLContext v1.0],[carb::windowing::IWindowing v1.5]) (impl: carb.windowing-glfw.plugin)
[2.256s] [ext: omni.kit.renderer.capture-0.0.0] startup
[2.260s] [ext: omni.kit.renderer.imgui-2.0.5] startup
2026-08-13T04:23:01Z [2,240ms] [Warning] [carb.windowing-glfw.plugin] GLFW initialization failed.
2026-08-13T04:23:01Z [2,240ms] [Warning] [carb] Failed to startup plugin carb.windowing-glfw.plugin (interfaces: [carb::windowing::IGLContext v1.0],[carb::windowing::IWindowing v1.5]) (impl: carb.windowing-glfw.plugin)
2026-08-13T04:23:01Z [2,243ms] [Warning] [carb.windowing-glfw.plugin] GLFW initialization failed.
2026-08-13T04:23:01Z [2,243ms] [Warning] [carb] Failed to startup plugin carb.windowing-glfw.plugin (interfaces: [carb::windowing::IGLContext v1.0],[carb::windowing::IWindowing v1.5]) (impl: carb.windowing-glfw.plugin)
2026-08-13T04:23:01Z [2,245ms] [Warning] [carb.windowing-glfw.plugin] GLFW initialization failed.
2026-08-13T04:23:01Z [2,245ms] [Warning] [carb] Failed to startup plugin carb.windowing-glfw.plugin (interfaces: [carb::windowing::IGLContext v1.0],[carb::windowing::IWindowing v1.5]) (impl: carb.windowing-glfw.plugin)
[2.384s] [ext: omni.ui-2.27.1] startup
[2.397s] [ext: omni.kit.mainwindow-1.0.3] startup
[2.398s] [ext: carb.audio-0.1.0] startup
[2.407s] [ext: omni.uiaudio-1.0.0] startup
[2.409s] [ext: omni.kit.uiapp-0.0.0] startup
[2.409s] [ext: omni.usd.schema.metrics.assembler-107.3.1] startup
[2.413s] [ext: omni.usd.schema.audio-0.0.0] startup
[2.419s] [ext: omni.usd_resolver-1.0.0] startup
[2.427s] [ext: omni.usd.core-1.5.3] startup
[2.433s] [ext: omni.usd.schema.omni_lens_distortion-0.0.0] startup
[2.464s] [ext: omni.usd.schema.anim-0.0.0] startup
[2.507s] [ext: omni.usd.schema.geospatial-0.0.0] startup
[2.512s] [ext: omni.usd.schema.semantics-0.0.0] startup
[2.517s] [ext: omni.kit.actions.core-1.0.0] startup
[2.520s] [ext: omni.activity.core-1.0.3] startup
[2.522s] [ext: omni.kit.commands-1.4.10] startup
[2.527s] [ext: usdrt.scenegraph-7.6.1] startup
[2.582s] [ext: omni.resourcemonitor-107.0.1] startup
[2.585s] [ext: omni.kit.audiodeviceenum-1.0.2] startup
[2.587s] [ext: omni.hydra.usdrt_delegate-7.5.1] startup
[2.603s] [ext: omni.kit.usd_undo-0.1.8] startup
[2.604s] [ext: omni.kit.window.popup_dialog-2.0.24] startup
[2.610s] [ext: omni.graph.exec-0.9.6] startup
[2.610s] [ext: omni.timeline-1.0.14] startup
[2.614s] [ext: omni.kit.widget.nucleus_connector-2.0.1] startup
[2.616s] [ext: omni.kit.exec.core-0.13.4] startup
[2.619s] [ext: omni.hydra.scene_delegate-0.3.4] startup
[2.631s] [ext: omni.usd-1.13.10] startup
[2.682s] [ext: omni.kit.asset_converter-5.0.17] startup
[2.703s] [ext: omni.usd.schema.isaac-3.0.5] startup
[2.703s] [ext: omni.usd.schema.omnigraph-1.0.0] startup
[2.714s] [ext: isaacsim.robot.schema-3.6.0] startup
[2.730s] [ext: omni.usd.schema.omniscripting-1.0.0] startup
[2.740s] [ext: omni.usd.schema.flow-107.1.1] startup
[2.741s] [ext: omni.usd.schema.omni_sensors-0.0.0] startup
[2.741s] [ext: omni.usd.schema.physx-107.3.26] startup
[2.794s] [ext: omni.inspect-1.0.2] startup
[2.796s] [ext: omni.kit.notification_manager-1.0.10] startup
[2.799s] [ext: omni.graph.core-2.184.5] startup
[2.805s] [ext: isaacsim.core.deprecation_manager-0.2.7] startup
[2.806s] [ext: omni.usd.schema.render_settings.rtx-0.0.0] startup
[2.807s] [ext: omni.anim.graph.schema-107.3.3] startup
[2.820s] [ext: omni.anim.navigation.schema-107.3.3] startup
[2.827s] [ext: omni.kit.widget.path_field-2.0.11] startup
[2.828s] [ext: omni.kit.viewport.legacy_gizmos-1.0.19] startup
[2.834s] [ext: omni.kit.widget.browser_bar-2.0.10] startup
[2.836s] [ext: omni.kit.clipboard-1.0.5] startup
[2.837s] [ext: omni.kit.usd.layers-2.2.11] startup
[2.852s] [ext: omni.ui.scene-1.11.5] startup
[2.858s] [ext: omni.index.libs-380600.8087.0] startup
[2.858s] [ext: omni.kit.viewport.scene_camera_model-1.0.6] startup
[2.870s] [ext: omni.index-1.0.1] startup
[2.872s] [ext: omni.hydra.rtx.shadercache.vulkan-1.0.0] startup
[2.873s] [ext: omni.kit.widget.options_menu-1.1.6] startup
[2.878s] [ext: omni.volume-0.5.2] startup
[2.883s] [ext: omni.ujitso.client-0.0.0] startup
[2.884s] [ext: omni.kit.helper.file_utils-0.1.9] startup
[2.886s] [ext: omni.kit.menu.core-1.1.2] startup
[2.887s] [ext: omni.hydra.rtx-1.0.0] startup
2026-08-13T04:23:01Z [2,897ms] [Warning] [omni.log] Source: omni.hydra was already registered.
[2.964s] [ext: omni.kit.widget.options_button-1.0.3] startup
[2.965s] [ext: omni.kit.widget.filebrowser-2.12.3] startup
[2.971s] [ext: omni.kit.widget.context_menu-1.2.5] startup
[2.973s] [ext: omni.kit.hydra_texture-1.4.6] startup
[2.981s] [ext: omni.kit.window.filepicker-2.13.4] startup
[2.996s] [ext: omni.kit.menu.utils-2.0.5] startup
[3.006s] [ext: omni.kit.context_menu-1.8.6] startup
[3.008s] [ext: omni.kit.widget.viewport-107.1.3] startup
[3.013s] [ext: omni.kit.viewport.registry-104.0.6] startup
[3.013s] [ext: omni.kit.window.file_importer-1.1.18] startup
[3.016s] [ext: omni.kit.raycast.query-1.1.0] startup
[3.029s] [ext: omni.kit.material.library-2.0.7] startup
[3.035s] [ext: omni.kit.window.drop_support-1.0.5] startup
[3.036s] [ext: omni.hydra.engine.stats-1.0.3] startup
[3.042s] [ext: omni.kit.viewport.window-107.2.0] startup
[3.067s] [ext: omni.kit.widget.zoombar-1.0.6] startup
[3.068s] [ext: omni.kit.widget.searchfield-1.1.8] startup
[3.069s] [ext: omni.kit.widget.filter-1.1.4] startup
[3.070s] [ext: omni.kit.window.file_exporter-1.0.33] startup
[3.071s] [ext: omni.kit.hotkeys.core-1.3.10] startup
[3.072s] [ext: omni.kit.browser.core-2.3.13] startup
[3.076s] [ext: omni.kit.stage_template.core-1.1.22] startup
[3.077s] [ext: omni.kit.widget.stage-3.1.4] startup
[3.090s] [ext: omni.kit.browser.folder.core-1.10.9] startup
[3.096s] [ext: omni.kit.window.file-2.0.5] startup
[3.100s] [ext: omni.kit.window.content_browser_registry-0.0.6] startup
[3.101s] [ext: omni.kit.widget.prompt-1.0.7] startup
[3.101s] [ext: omni.kit.usd.collect-2.4.5] startup
[3.105s] [ext: omni.graph.tools-1.79.2] startup
DEBUG:AutoNode:Defining data type 'any' as 'Any'
DEBUG:AutoNode:Defining data type 'bool' as 'Bool' and array 'BoolArray
DEBUG:AutoNode:Defining data type 'bundle' as 'Bundle'
DEBUG:AutoNode:Defining data type 'colord[3]' as 'Color3d' and array 'Color3dArray
DEBUG:AutoNode:Defining data type 'colorf[3]' as 'Color3f' and array 'Color3fArray
DEBUG:AutoNode:Defining data type 'colorh[3]' as 'Color3h' and array 'Color3hArray
DEBUG:AutoNode:Defining data type 'colord[4]' as 'Color4d' and array 'Color4dArray
DEBUG:AutoNode:Defining data type 'colorf[4]' as 'Color4f' and array 'Color4fArray
DEBUG:AutoNode:Defining data type 'colorh[4]' as 'Color4h' and array 'Color4hArray
DEBUG:AutoNode:Defining data type 'double' as 'Double' and array 'DoubleArray
DEBUG:AutoNode:Defining data type 'double[2]' as 'Double2' and array 'Double2Array
DEBUG:AutoNode:Defining data type 'double[3]' as 'Double3' and array 'Double3Array
DEBUG:AutoNode:Defining data type 'double[4]' as 'Double4' and array 'Double4Array
DEBUG:AutoNode:Defining data type 'execution' as 'Execution'
DEBUG:AutoNode:Defining data type 'float' as 'Float' and array 'FloatArray
DEBUG:AutoNode:Defining data type 'float[2]' as 'Float2' and array 'Float2Array
DEBUG:AutoNode:Defining data type 'float[3]' as 'Float3' and array 'Float3Array
DEBUG:AutoNode:Defining data type 'float[4]' as 'Float4' and array 'Float4Array
DEBUG:AutoNode:Defining data type 'frame[4]' as 'Frame' and array 'FrameArray
DEBUG:AutoNode:Defining data type 'half' as 'Half' and array 'HalfArray
DEBUG:AutoNode:Defining data type 'half[2]' as 'Half2' and array 'Half2Array
DEBUG:AutoNode:Defining data type 'half[3]' as 'Half3' and array 'Half3Array
DEBUG:AutoNode:Defining data type 'half[4]' as 'Half4' and array 'Half4Array
DEBUG:AutoNode:Defining data type 'int' as 'Int' and array 'IntArray
DEBUG:AutoNode:Defining data type 'int[2]' as 'Int2' and array 'Int2Array
DEBUG:AutoNode:Defining data type 'int[3]' as 'Int3' and array 'Int3Array
DEBUG:AutoNode:Defining data type 'int[4]' as 'Int4' and array 'Int4Array
DEBUG:AutoNode:Defining data type 'int64' as 'Int64' and array 'Int64Array
DEBUG:AutoNode:Defining data type 'matrixd[2]' as 'Matrix2d' and array 'Matrix2dArray
DEBUG:AutoNode:Defining data type 'matrixd[3]' as 'Matrix3d' and array 'Matrix3dArray
DEBUG:AutoNode:Defining data type 'matrixd[4]' as 'Matrix4d' and array 'Matrix4dArray
DEBUG:AutoNode:Defining data type 'normald[3]' as 'Normal3d' and array 'Normal3dArray
DEBUG:AutoNode:Defining data type 'normalf[3]' as 'Normal3f' and array 'Normal3fArray
DEBUG:AutoNode:Defining data type 'normalh[3]' as 'Normal3h' and array 'Normal3hArray
DEBUG:AutoNode:Defining data type 'objectId' as 'ObjectId' and array 'ObjectIdArray
DEBUG:AutoNode:Defining data type 'path' as 'Path'
DEBUG:AutoNode:Defining data type 'pointd[3]' as 'Point3d' and array 'Point3dArray
DEBUG:AutoNode:Defining data type 'pointf[3]' as 'Point3f' and array 'Point3fArray
DEBUG:AutoNode:Defining data type 'pointh[3]' as 'Point3h' and array 'Point3hArray
DEBUG:AutoNode:Defining data type 'quatd[4]' as 'Quatd' and array 'QuatdArray
DEBUG:AutoNode:Defining data type 'quatf[4]' as 'Quatf' and array 'QuatfArray
DEBUG:AutoNode:Defining data type 'quath[4]' as 'Quath' and array 'QuathArray
DEBUG:AutoNode:Defining data type 'string' as 'String'
DEBUG:AutoNode:Defining data type 'target' as 'Target'
DEBUG:AutoNode:Defining data type 'texcoordd[2]' as 'TexCoord2d' and array 'TexCoord2dArray
DEBUG:AutoNode:Defining data type 'texcoordf[2]' as 'TexCoord2f' and array 'TexCoord2fArray
DEBUG:AutoNode:Defining data type 'texcoordh[2]' as 'TexCoord2h' and array 'TexCoord2hArray
DEBUG:AutoNode:Defining data type 'texcoordd[3]' as 'TexCoord3d' and array 'TexCoord3dArray
DEBUG:AutoNode:Defining data type 'texcoordf[3]' as 'TexCoord3f' and array 'TexCoord3fArray
DEBUG:AutoNode:Defining data type 'texcoordh[3]' as 'TexCoord3h' and array 'TexCoord3hArray
DEBUG:AutoNode:Defining data type 'timecode' as 'Timecode' and array 'TimecodeArray
DEBUG:AutoNode:Defining data type 'token' as 'Token' and array 'TokenArray
DEBUG:AutoNode:Defining data type 'uchar' as 'UChar' and array 'UCharArray
DEBUG:AutoNode:Defining data type 'uint' as 'UInt' and array 'UIntArray
DEBUG:AutoNode:Defining data type 'uint64' as 'UInt64' and array 'UInt64Array
DEBUG:AutoNode:Defining data type 'vectord[3]' as 'Vector3d' and array 'Vector3dArray
DEBUG:AutoNode:Defining data type 'vectorf[3]' as 'Vector3f' and array 'Vector3fArray
DEBUG:AutoNode:Defining data type 'vectorh[3]' as 'Vector3h' and array 'Vector3hArray
[3.137s] [ext: omni.kit.window.content_browser-3.1.3] startup
[3.152s] [ext: omni.kit.usdz_export-1.0.9] startup
[3.155s] [ext: omni.graph.action_core-1.1.7] startup
[3.157s] [ext: omni.graph-1.141.2] startup
[3.214s] [ext: omni.kit.widget.stage_icons-1.0.8] startup
[3.216s] [ext: omni.kit.tool.asset_importer-4.3.2] startup
[3.224s] [ext: omni.graph.action_nodes-1.50.4] startup
[3.236s] [ext: omni.kit.window.stage-2.6.1] startup
[3.245s] [ext: omni.kit.widget.searchable_combobox-1.0.6] startup
[3.249s] [ext: omni.graph.action-1.130.0] startup
[3.251s] [ext: omni.kit.menu.stage-1.2.7] startup
[3.257s] [ext: omni.kit.widget.settings-1.2.6] startup
[3.262s] [ext: omni.kit.viewport.utility-1.1.2] startup
[3.265s] [ext: omni.kit.property.adapter.core-1.0.2] startup
[3.272s] [ext: omni.kit.window.preferences-1.8.0] startup
[3.284s] [ext: omni.kit.viewport.actions-107.0.2] startup
[3.294s] [ext: omni.kit.widget.highlight_label-1.0.3] startup
[3.296s] [ext: omni.kit.property.adapter.usd-1.0.2] startup
[3.301s] [ext: omni.kit.viewport.menubar.core-107.2.1] startup
[3.335s] [ext: omni.kit.property.adapter.fabric-1.0.3] startup
[3.339s] [ext: omni.kit.viewport.menubar.display-107.0.3] startup
[3.344s] [ext: omni.kit.window.property-1.12.1] startup
[3.355s] [ext: omni.ui_query-1.1.8] startup
[3.360s] [ext: omni.kit.property.usd-4.5.12] startup
[3.456s] [ext: omni.kit.menu.create-2.0.1] startup
[3.465s] [ext: isaacsim.core.version-2.0.6] startup
[3.470s] [ext: omni.kit.ui_test-1.3.7] startup
[3.479s] [ext: omni.kit.scripting-107.3.2] startup
[3.496s] [ext: omni.convexdecomposition-107.3.26] startup
[3.509s] [ext: isaacsim.storage.native-1.5.1] startup
[3.515s] [ext: omni.kit.widget.toolbar-2.0.1] startup
[3.542s] [ext: omni.kit.manipulator.transform-107.0.0] startup
[3.555s] [ext: omni.kvdb-107.3.26] startup
[3.560s] [ext: omni.usdphysics-107.3.26] startup
[3.569s] [ext: omni.physx.foundation-107.3.26] startup
[3.576s] [ext: omni.localcache-107.3.26] startup
[3.580s] [ext: omni.kit.window.extensions-1.4.27] startup
[3.595s] [ext: omni.physx.cooking-107.3.26] startup
[3.604s] [ext: omni.kit.manipulator.viewport-107.0.1] startup
[3.610s] [ext: omni.physx-107.3.26] startup
[3.632s] [ext: omni.graph.visualization.nodes-2.1.3] startup
[3.645s] [ext: isaacsim.replicator.behavior-1.1.16] startup
[3.650s] [ext: omni.kit.tool.collect-2.2.18] startup
[3.658s] [ext: omni.kit.manipulator.tool.snap-1.5.13] startup
[3.683s] [ext: omni.kit.manipulator.selector-1.1.3] startup
[3.691s] [ext: isaacsim.gui.components-1.2.1] startup
[3.704s] [ext: isaacsim.examples.browser-0.2.1] startup
[3.723s] [ext: isaacsim.asset.importer.urdf-2.4.30] startup
[3.867s] [ext: omni.kit.viewport.manipulator.transform-107.0.4] startup
[3.876s] [ext: omni.kit.primitive.mesh-1.0.17] startup
[3.887s] [ext: omni.kit.manipulator.prim.core-107.0.8] startup
[3.922s] [ext: omni.fabric.commands-1.1.6] startup
[3.949s] [ext: omni.kit.manipulator.prim.usd-107.0.3] startup
[3.954s] [ext: omni.kit.manipulator.prim.fabric-107.0.4] startup
[3.962s] [ext: omni.kit.widget.layers-1.8.6] startup
[3.998s] [ext: omni.kit.manipulator.selection-106.0.1] startup
[4.005s] [ext: omni.kit.manipulator.prim-107.0.0] startup
[4.005s] [ext: omni.debugdraw-0.1.4] startup
[4.017s] [ext: omni.physics-107.3.26] startup
[4.026s] [ext: omni.usdphysics.ui-107.3.26] startup
[4.075s] [ext: omni.physx.commands-107.3.26] startup
[4.086s] [ext: omni.physics.stageupdate-107.3.26] startup
[4.090s] [ext: omni.kit.window.toolbar-2.0.0] startup
[4.096s] [ext: omni.physx.ui-107.3.26] startup
[4.146s] [ext: omni.kit.widget.graph-2.0.0] startup
[4.159s] [ext: omni.physx.supportui-107.3.26] startup
[4.184s] [ext: omni.kit.graph.delegate.default-1.2.3] startup
[4.186s] [ext: omni.kit.numpy.common-0.1.3] startup
[4.190s] [ext: omni.usd.metrics.assembler-107.3.1] startup
[4.198s] [ext: omni.physics.physx-107.3.26] startup
2026-08-13T04:23:03Z [4,176ms] [Warning] [carb] Acquiring non optional plugin interface which is not listed as dependency: [omni::physx::IPhysxBenchmarks v1.0] (plugin: <default plugin>), by client: omni.physics.physx.plugin. Add it to CARB_PLUGIN_IMPL_DEPS() macro of a client.
[4.203s] [ext: omni.physics.tensors-107.3.26] startup
[4.214s] [ext: omni.warp.core-1.8.2] startup
[4.484s] [ext: omni.usd.metrics.assembler.physics-107.3.26] startup
[4.489s] [ext: omni.isaac.dynamic_control-2.0.7] startup
2026-08-13T04:23:03Z [4,473ms] [Warning] [omni.isaac.dynamic_control] omni.isaac.dynamic_control is deprecated as of Isaac Sim 4.5. No action is needed from end-users.
[4.501s] [ext: omni.physx.tensors-107.3.26] startup
[4.510s] [ext: isaacsim.core.utils-3.5.1] startup
[4.517s] [ext: omni.graph.image.core-0.6.1] startup
[4.527s] [ext: isaacsim.core.simulation_manager-1.4.4] startup
[4.714s] [ext: omni.graph.image.nodes-1.3.1] startup
[4.724s] [ext: omni.kit.stage_templates-2.0.0] startup
[4.728s] [ext: isaacsim.core.prims-0.6.1] startup
[4.769s] [ext: omni.syntheticdata-0.6.13] startup
[4.794s] [ext: isaacsim.core.api-4.8.0] startup
[4.819s] [ext: omni.videoencoding-0.1.2] startup
[4.835s] [ext: isaacsim.core.experimental.utils-0.3.0] startup
[4.845s] [ext: omni.kit.graph.editor.core-1.5.3] startup
[4.879s] [ext: omni.kit.graph.usd.commands-1.3.1] startup
[4.885s] [ext: isaacsim.simulation_app-2.12.2] startup
[4.888s] [ext: omni.graph.ui_nodes-1.50.5] startup
[4.902s] [ext: omni.graph.nodes-1.170.10] startup
[4.928s] [ext: omni.kit.widget.material_preview-1.0.16] startup
[4.942s] [ext: isaacsim.test.docstring-1.1.0] startup
[4.954s] [ext: omni.isaac.kit-2.0.6] startup
2026-08-13T04:23:03Z [4,930ms] [Warning] [omni.isaac.kit] omni.isaac.kit has been deprecated in favor of isaacsim.simulation_app. Please update your code accordingly.
[4.957s] [ext: isaacsim.robot_motion.lula-4.0.8] startup
[4.978s] [ext: omni.warp-1.8.2] startup
[4.990s] [ext: omni.kit.window.material_graph-1.9.1] startup
[5.031s] [ext: omni.graph.scriptnode-1.50.0] startup
[5.038s] [ext: isaacsim.robot_motion.motion_generation-8.0.26] startup
[5.124s] [ext: isaacsim.core.experimental.prims-0.8.1] startup
[5.318s] [ext: omni.replicator.core-1.12.27] startup
2026-08-13T04:23:04Z [5,321ms] [Warning] [pxr.Semantics] pxr.Semantics is deprecated - please use Semantics instead
Warp 1.8.2 initialized:
   CUDA Toolkit 12.8, Driver 13.0
   Devices:
     "cpu"      : "x86_64"
     "cuda:0"   : "NVIDIA RTX A5000" (24 GiB, sm_86, mempool enabled)
   Kernel cache:
     /root/.cache/warp/1.8.2
2026-08-13T04:23:04Z [5,570ms] [Warning] [omni.graph.core.plugin] Found duplicate of category 'Replicator' - was 'Annotators', adding 'Fabric Reader'
2026-08-13T04:23:04Z [5,570ms] [Warning] [omni.graph.core.plugin] Category 'Replicator' not accepted on node type 'omni.replicator.core.FabricReader' in extension 'omni.replicator.core'
2026-08-13T04:23:04Z [5,574ms] [Warning] [omni.replicator.core.scripts.extension] No material configuration file, adding configuration to material settings directly.
[5.611s] [ext: isaacsim.robot_motion.lula_test_widget-1.0.12] startup
[5.632s] [ext: isaacsim.robot.surface_gripper-3.3.1] startup
[5.654s] [ext: isaacsim.core.nodes-3.4.3] startup
[5.676s] [ext: omni.isaac.lula_test_widget-1.0.6] startup
2026-08-13T04:23:04Z [5,650ms] [Warning] [omni.isaac.lula_test_widget] omni.isaac.lula_test_widget has been deprecated in favor of isaacsim.robot_motion.lula_test_widget. Please update your code accordingly.
[5.687s] [ext: isaacsim.robot.manipulators-3.3.6] startup
[5.707s] [ext: isaacsim.core.experimental.objects-0.4.0] startup
[5.825s] [ext: isaacsim.core.experimental.materials-0.4.0] startup
[5.931s] [ext: isaacsim.core.throttling-2.2.2] startup
[5.955s] [ext: isaacsim.robot.manipulators.examples-1.1.2] startup
[5.963s] [ext: omni.flowusd-107.1.8] startup
2026-08-13T04:23:04Z [5,962ms] [Warning] [omni.stageupdate.plugin] Deprecated: direct use of IStageUpdate callbacks is deprecated. Use IStageUpdate::getStageUpdate instead.
[6.004s] [ext: isaacsim.cortex.framework-1.0.12] startup
[6.023s] [ext: omni.isaac.core_nodes-2.0.6] startup
2026-08-13T04:23:04Z [6,019ms] [Warning] [omni.isaac.core_nodes] omni.isaac.core_nodes has been deprecated in favor of isaacsim.core.nodes. Please update your code accordingly.
[6.050s] [ext: omni.isaac.cortex-1.0.5] startup
2026-08-13T04:23:04Z [6,032ms] [Warning] [omni.isaac.cortex] omni.isaac.cortex has been deprecated in favor of isaacsim.cortex.framework. Please update your code accordingly.
[6.059s] [ext: omni.anim.curve.core-1.3.1] startup
[6.234s] [ext: omni.isaac.franka-1.0.7] startup
2026-08-13T04:23:05Z [6,211ms] [Warning] [omni.isaac.franka] omni.isaac.franka has been deprecated in favor of isaacsim.robot.manipulators.examples.franka. Please update your code accordingly.
2026-08-13T04:23:05Z [6,212ms] [Warning] [omni.isaac.franka.franka] omni.isaac.franka has been deprecated in favor of isaacsim.robot.manipulators.examples.franka. Please update your code accordingly.
2026-08-13T04:23:05Z [6,332ms] [Warning] [omni.isaac.franka.kinematics_solver] omni.isaac.franka has been deprecated in favor of isaacsim.robot.manipulators.examples.franka. Please update your code accordingly.
[6.360s] [ext: omni.kit.viewport.menubar.camera-107.0.6] startup
[6.457s] [ext: omni.isaac.lula-4.0.6] startup
2026-08-13T04:23:05Z [6,438ms] [Warning] [omni.isaac.lula] omni.isaac.lula has been deprecated in favor of isaacsim.robot_motion.lula. Please update your code accordingly.
[6.467s] [ext: omni.kit.selection-0.1.6] startup
[6.483s] [ext: omni.kit.viewport.menubar.settings-107.0.3] startup
[6.540s] [ext: omni.isaac.manipulators-3.0.7] startup
2026-08-13T04:23:05Z [6,521ms] [Warning] [omni.isaac.manipulators] omni.isaac.manipulators has been deprecated in favor of isaacsim.robot.manipulators. Please update your code accordingly.
2026-08-13T04:23:05Z [6,523ms] [Warning] [omni.isaac.manipulators.controllers] omni.isaac.manipulators has been deprecated in favor of isaacsim.robot.manipulators. Please update your code accordingly.
2026-08-13T04:23:05Z [6,525ms] [Warning] [omni.isaac.manipulators.controllers.pick_place_controller] omni.isaac.manipulators has been deprecated in favor of isaacsim.robot.manipulators. Please update your code accordingly.
2026-08-13T04:23:05Z [6,533ms] [Warning] [omni.isaac.manipulators.controllers.stacking_controller] omni.isaac.manipulators has been deprecated in favor of isaacsim.robot.manipulators. Please update your code accordingly.
2026-08-13T04:23:05Z [6,535ms] [Warning] [omni.isaac.manipulators.grippers] omni.isaac.manipulators has been deprecated in favor of isaacsim.robot.manipulators. Please update your code accordingly.
2026-08-13T04:23:05Z [6,537ms] [Warning] [omni.isaac.manipulators.grippers.gripper] omni.isaac.manipulators has been deprecated in favor of isaacsim.robot.manipulators. Please update your code accordingly.
2026-08-13T04:23:05Z [6,558ms] [Warning] [omni.isaac.manipulators.grippers.parallel_gripper] omni.isaac.manipulators has been deprecated in favor of isaacsim.robot.manipulators. Please update your code accordingly.
2026-08-13T04:23:05Z [6,579ms] [Warning] [omni.isaac.manipulators.grippers.surface_gripper] omni.isaac.manipulators has been deprecated in favor of isaacsim.robot.manipulators. Please update your code accordingly.
2026-08-13T04:23:05Z [6,583ms] [Warning] [omni.isaac.manipulators.manipulators] omni.isaac.manipulators has been deprecated in favor of isaacsim.robot.manipulators. Please update your code accordingly.
2026-08-13T04:23:05Z [6,585ms] [Warning] [omni.isaac.manipulators.manipulators.single_manipulator] omni.isaac.manipulators has been deprecated in favor of isaacsim.robot.manipulators. Please update your code accordingly.
[6.616s] [ext: isaacsim.gui.menu-2.4.4] startup
[6.739s] [ext: isaacsim.sensors.physics-0.4.3] startup
[6.784s] [ext: isaacsim.asset.browser-1.3.23] startup
[6.815s] [ext: omni.isaac.menu-1.0.6] startup
2026-08-13T04:23:05Z [6,799ms] [Warning] [omni.isaac.menu] omni.isaac.menu has been deprecated in favor of isaacsim.gui.menu. Please update your code accordingly.
[6.826s] [ext: isaacsim.robot.policy.examples-4.1.11] startup
[6.859s] [ext: omni.isaac.motion_generation-8.0.7] startup
2026-08-13T04:23:05Z [6,847ms] [Warning] [omni.isaac.motion_generation] omni.isaac.motion_generation has been deprecated in favor of isaacsim.robot_motion.motion_generation. Please update your code accordingly.
2026-08-13T04:23:05Z [6,850ms] [Warning] [omni.isaac.motion_generation.articulation_kinematics_solver] omni.isaac.motion_generation has been deprecated in favor of isaacsim.robot_motion.motion_generation. Please update your code accordingly.
2026-08-13T04:23:05Z [6,853ms] [Warning] [omni.isaac.motion_generation.articulation_motion_policy] omni.isaac.motion_generation has been deprecated in favor of isaacsim.robot_motion.motion_generation. Please update your code accordingly.
2026-08-13T04:23:05Z [6,864ms] [Warning] [omni.isaac.motion_generation.articulation_trajectory] omni.isaac.motion_generation has been deprecated in favor of isaacsim.robot_motion.motion_generation. Please update your code accordingly.
2026-08-13T04:23:05Z [6,865ms] [Warning] [omni.isaac.motion_generation.kinematics_interface] omni.isaac.motion_generation has been deprecated in favor of isaacsim.robot_motion.motion_generation. Please update your code accordingly.
2026-08-13T04:23:05Z [6,867ms] [Warning] [omni.isaac.motion_generation.lula] omni.isaac.motion_generation has been deprecated in favor of isaacsim.robot_motion.motion_generation. Please update your code accordingly.
2026-08-13T04:23:05Z [6,868ms] [Warning] [omni.isaac.motion_generation.lula.kinematics] omni.isaac.motion_generation has been deprecated in favor of isaacsim.robot_motion.motion_generation. Please update your code accordingly.
2026-08-13T04:23:05Z [6,870ms] [Warning] [omni.isaac.motion_generation.lula.motion_policies] omni.isaac.motion_generation has been deprecated in favor of isaacsim.robot_motion.motion_generation. Please update your code accordingly.
2026-08-13T04:23:05Z [6,871ms] [Warning] [omni.isaac.motion_generation.lula.path_planners] omni.isaac.motion_generation has been deprecated in favor of isaacsim.robot_motion.motion_generation. Please update your code accordingly.
2026-08-13T04:23:05Z [6,873ms] [Warning] [omni.isaac.motion_generation.lula.trajectory_generator] omni.isaac.motion_generation has been deprecated in favor of isaacsim.robot_motion.motion_generation. Please update your code accordingly.
2026-08-13T04:23:05Z [6,875ms] [Warning] [omni.isaac.motion_generation.motion_policy_controller] omni.isaac.motion_generation has been deprecated in favor of isaacsim.robot_motion.motion_generation. Please update your code accordingly.
2026-08-13T04:23:05Z [6,883ms] [Warning] [omni.isaac.motion_generation.motion_policy_interface] omni.isaac.motion_generation has been deprecated in favor of isaacsim.robot_motion.motion_generation. Please update your code accordingly.
2026-08-13T04:23:05Z [6,884ms] [Warning] [omni.isaac.motion_generation.path_planner_visualizer] omni.isaac.motion_generation has been deprecated in favor of isaacsim.robot_motion.motion_generation. Please update your code accordingly.
2026-08-13T04:23:05Z [6,886ms] [Warning] [omni.isaac.motion_generation.path_planning_interface] omni.isaac.motion_generation has been deprecated in favor of isaacsim.robot_motion.motion_generation. Please update your code accordingly.
2026-08-13T04:23:05Z [6,888ms] [Warning] [omni.isaac.motion_generation.trajectory] omni.isaac.motion_generation has been deprecated in favor of isaacsim.robot_motion.motion_generation. Please update your code accordingly.
2026-08-13T04:23:05Z [6,893ms] [Warning] [omni.isaac.motion_generation.world_interface] omni.isaac.motion_generation has been deprecated in favor of isaacsim.robot_motion.motion_generation. Please update your code accordingly.
[6.923s] [ext: omni.isaac.asset_browser-1.0.6] startup
2026-08-13T04:23:05Z [6,914ms] [Warning] [omni.isaac.asset_browser] omni.isaac.asset_browser has been deprecated in favor of isaacsim.asset.browser. Please update your code accordingly.
[6.952s] [ext: omni.isaac.nucleus-1.0.6] startup
2026-08-13T04:23:05Z [6,948ms] [Warning] [omni.isaac.nucleus] omni.isaac.nucleus has been deprecated in favor of isaacsim.storage.native. Please update your code accordingly.
2026-08-13T04:23:05Z [6,968ms] [Warning] [omni.isaac.nucleus.nucleus] omni.isaac.nucleus.nucleus has been deprecated in favor of isaacsim.storage.native. Please update your code accordingly.
[7.008s] [ext: omni.isaac.quadruped-3.0.7] startup
2026-08-13T04:23:05Z [6,989ms] [Warning] [omni.isaac.quadruped] omni.isaac.quadruped has been deprecated in favor of isaacsim.robot.policy.examples. Please update your code accordingly.
[7.023s] [ext: omni.isaac.assets_check-0.3.13] startup
2026-08-13T04:23:05Z [7,008ms] [Warning] [omni.isaac.assets_check] omni.isaac.assets_check has been deprecated in favor of isaacsim.asset.browser. Please update your code accordingly.
[7.041s] [ext: isaacsim.gui.content_browser-0.1.11] startup
[7.163s] [ext: omni.isaac.utils-2.0.6] startup
[7.179s] [ext: isaacsim.robot.wheeled_robots-4.0.24] startup
[7.303s] [ext: isaacsim.app.about-2.0.11] startup
[7.386s] [ext: omni.isaac.version-2.0.7] startup
2026-08-13T04:23:06Z [7,388ms] [Warning] [omni.isaac.version] omni.isaac.version has been deprecated in favor of isaacsim.core.version. Please update your code accordingly.
[7.417s] [ext: isaacsim.cortex.behaviors-2.0.14] startup
[7.424s] [ext: omni.isaac.wheeled_robots-3.0.7] startup
2026-08-13T04:23:06Z [7,418ms] [Warning] [omni.isaac.wheeled_robots] omni.isaac.wheeled_robots has been deprecated in favor of isaacsim.robot.wheeled_robots. Please update your code accordingly.
2026-08-13T04:23:06Z [7,419ms] [Warning] [omni.isaac.wheeled_robots.controllers] omni.isaac.wheeled_robots has been deprecated in favor of isaacsim.robot.wheeled_robots. Please update your code accordingly.
2026-08-13T04:23:06Z [7,424ms] [Warning] [omni.isaac.wheeled_robots.controllers.ackermann_controller] omni.isaac.wheeled_robots has been deprecated in favor of isaacsim.robot.wheeled_robots. Please update your code accordingly.
2026-08-13T04:23:06Z [7,439ms] [Warning] [omni.isaac.wheeled_robots.controllers.differential_controller] omni.isaac.wheeled_robots has been deprecated in favor of isaacsim.robot.wheeled_robots. Please update your code accordingly.
2026-08-13T04:23:06Z [7,455ms] [Warning] [omni.isaac.wheeled_robots.controllers.holonomic_controller] omni.isaac.wheeled_robots has been deprecated in favor of isaacsim.robot.wheeled_robots. Please update your code accordingly.
2026-08-13T04:23:06Z [7,473ms] [Warning] [omni.isaac.wheeled_robots.controllers.quintic_path_planner] omni.isaac.wheeled_robots has been deprecated in favor of isaacsim.robot.wheeled_robots. Please update your code accordingly.
2026-08-13T04:23:06Z [7,498ms] [Warning] [omni.isaac.wheeled_robots.controllers.stanley_control] omni.isaac.wheeled_robots has been deprecated in favor of isaacsim.robot.wheeled_robots. Please update your code accordingly.
2026-08-13T04:23:06Z [7,511ms] [Warning] [omni.isaac.wheeled_robots.controllers.wheel_base_pose_controller] omni.isaac.wheeled_robots has been deprecated in favor of isaacsim.robot.wheeled_robots. Please update your code accordingly.
2026-08-13T04:23:06Z [7,519ms] [Warning] [omni.isaac.wheeled_robots.impl] omni.isaac.wheeled_robots has been deprecated in favor of isaacsim.robot.wheeled_robots. Please update your code accordingly.
2026-08-13T04:23:06Z [7,535ms] [Warning] [omni.isaac.wheeled_robots.robots] omni.isaac.wheeled_robots has been deprecated in favor of isaacsim.robot.wheeled_robots. Please update your code accordingly.
2026-08-13T04:23:06Z [7,669ms] [Warning] [omni.isaac.wheeled_robots.robots.holonomic_robot_usd_setup] omni.isaac.wheeled_robots has been deprecated in favor of isaacsim.robot.wheeled_robots. Please update your code accordingly.
Warp DeprecationWarning: The `warp.sim` module is deprecated and will be removed in v1.10. Please transition to using the forthcoming Newton library instead.
2026-08-13T04:23:06Z [7,846ms] [Warning] [omni.isaac.wheeled_robots.robots.wheeled_robot] omni.isaac.wheeled_robots has been deprecated in favor of isaacsim.robot.wheeled_robots. Please update your code accordingly.
[7.885s] [ext: omni.isaac.window.about-2.0.7] startup
2026-08-13T04:23:06Z [7,912ms] [Warning] [omni.isaac.window.about] omni.isaac.window.about has been deprecated in favor of isaacsim.app.about. Please update your code accordingly.
2026-08-13T04:23:06Z [7,914ms] [Warning] [omni.isaac.window.about.about] omni.isaac.window.about.about has been deprecated in favor of isaacsim.app.about.about. Please update your code accordingly.
[7.958s] [ext: omni.kit.manipulator.camera-106.0.4] startup
[8.010s] [ext: omni.isaac.cortex.sample_behaviors-2.0.5] startup
2026-08-13T04:23:06Z [7,988ms] [Warning] [omni.isaac.cortex.sample_behaviors] omni.isaac.cortex.sample_behaviors has been deprecated in favor of isaacsim.cortex.behaviors. Please update your code accordingly.
[8.015s] [ext: omni.sensors.nv.common-3.0.0] startup
[8.066s] [ext: omni.kit.property.audio-1.0.16] startup
[8.092s] [ext: omni.kit.property.camera-1.0.10] startup
[8.103s] [ext: omni.sensors.net-1.0.0] startup
[8.121s] [ext: omni.sensors.nv.materials-2.0.0] startup
[8.144s] [ext: omni.kit.property.geometry-2.0.4] startup
[8.162s] [ext: omni.kit.property.light-1.0.12] startup
[8.213s] [ext: omni.kit.property.material-1.11.9] startup
[8.236s] [ext: omni.sensors.nv.ids-2.0.0] startup
[8.243s] [ext: omni.sensors.nv.wpm-3.0.0] startup
[8.250s] [ext: omni.sensors.nv.lidar-3.0.0] startup
[8.265s] [ext: omni.hydra.scene_api-0.1.2] startup
[8.282s] [ext: isaacsim.util.debug_draw-3.1.0] startup
[8.291s] [ext: omni.sensors.nv.radar-3.0.0] startup
[8.298s] [ext: omni.kit.property.render-1.2.1] startup
[8.305s] [ext: omni.kit.property.transform-1.5.13] startup
[8.314s] [ext: isaacsim.gui.property-1.1.3] startup
[8.321s] [ext: isaacsim.sensors.physx-2.3.2] startup
[8.338s] [ext: isaacsim.sensors.camera-1.3.6] startup
[8.357s] [ext: isaacsim.sensors.rtx-15.8.4] startup
[8.382s] [ext: isaacsim.core.cloner-1.4.10] startup
[8.410s] [ext: omni.kit.property.bundle-1.4.1] startup
[8.419s] [ext: omni.kit.property.isaac-1.0.6] startup
2026-08-13T04:23:07Z [8,400ms] [Warning] [omni.kit.property.isaac] omni.kit.property.isaac has been deprecated in favor of isaacsim.gui.property. Please update your code accordingly.
2026-08-13T04:23:07Z [8,400ms] [Warning] [omni.kit.property.isaac.widgets] omni.kit.property.isaac.widgets has been deprecated in favor of isaacsim.gui.property.widgets. Please update your code accordingly.
[8.427s] [ext: omni.isaac.range_sensor-4.0.6] startup
2026-08-13T04:23:07Z [8,409ms] [Warning] [omni.isaac.range_sensor] omni.isaac.range_sensor has been deprecated in favor of isaacsim.sensors.physx. Please update your code accordingly.
2026-08-13T04:23:07Z [8,411ms] [Warning] [omni.isaac.range_sensor.commands] omni.isaac.range_sensor.commands has been deprecated in favor of isaacsim.sensors.physx.commands. Please update your code accordingly.
[8.439s] [ext: isaacsim.replicator.writers-1.0.17] startup
[8.553s] [ext: omni.isaac.sensor-13.0.7] startup
2026-08-13T04:23:07Z [8,536ms] [Warning] [omni.isaac.sensor] omni.isaac.sensor has been deprecated in favor of isaacsim.sensors.camera, isaacsim.sensors.physics, isaacsim.sensors.physx, and isaacsim.sensors.rtx. Please update your code accordingly.
2026-08-13T04:23:07Z [8,537ms] [Warning] [omni.isaac.sensor.camera] omni.isaac.sensor.camera has been deprecated in favor of isaacsim.sensors.camera.camera. Please update your code accordingly.
2026-08-13T04:23:07Z [8,538ms] [Warning] [omni.isaac.sensor.camera_view] omni.isaac.sensor.camera_view has been deprecated in favor of isaacsim.sensors.camera.camera_view. Please update your code accordingly.
2026-08-13T04:23:07Z [8,538ms] [Warning] [omni.isaac.sensor.commands] omni.isaac.sensor.commands has been deprecated in favor of isaacsim.sensors.physics.commands, isaacsim.sensors.physx.commands, and isaacsim.sensors.rtx.commands. Please update your code accordingly.
2026-08-13T04:23:07Z [8,539ms] [Warning] [omni.isaac.sensor.contact_sensor] omni.isaac.sensor.contact_sensor has been deprecated in favor of isaacsim.sensors.physics.contact_sensor. Please update your code accordingly.
2026-08-13T04:23:07Z [8,540ms] [Warning] [omni.isaac.sensor.imu_sensor] omni.isaac.sensor.imu_sensor has been deprecated in favor of isaacsim.sensors.physics.imu_sensor. Please update your code accordingly.
2026-08-13T04:23:07Z [8,540ms] [Warning] [omni.isaac.sensor.lidar_rtx] omni.isaac.sensor.lidar_rtx has been deprecated in favor of isaacsim.sensors.rtx.lidar_rtx. Please update your code accordingly.
2026-08-13T04:23:07Z [8,541ms] [Warning] [omni.isaac.sensor.rotating_lidar_physX] omni.isaac.sensor.imu_sensor has been deprecated in favor of isaacsim.sensors.physix.rotating_lidar_physX. Please update your code accordingly.
2026-08-13T04:23:07Z [8,545ms] [Warning] [omni.isaac.sensor.scripts.samples.contact_sensor] omni.isaac.sensor.scripts.samples.contact_sensor has been deprecated in favor of isaacsim.sensors.physics.scripts.samples.contact_sensor. Please update your code accordingly.
2026-08-13T04:23:07Z [8,546ms] [Warning] [omni.isaac.sensor.scripts.samples.imu_sensor] omni.isaac.sensor.scripts.samples.imu_sensor has been deprecated in favor of isaacsim.sensors.physics.scripts.samples.imu_sensor. Please update your code accordingly.
2026-08-13T04:23:07Z [8,546ms] [Warning] [omni.isaac.sensor.scripts.samples.lightbeam_sensor] omni.isaac.sensor.scripts.samples.lightbeam_sensor has been deprecated in favor of isaacsim.sensors.physx.scripts.samples.lightbeam_sensor. Please update your code accordingly.
[8.574s] [ext: omni.isaac.cloner-1.0.7] startup
2026-08-13T04:23:07Z [8,560ms] [Warning] [omni.isaac.cloner] omni.isaac.cloner has been deprecated in favor of isaacsim.core.cloner. Please update your code accordingly.
[8.589s] [ext: omni.kit.viewport.menubar.lighting-107.3.1] startup
[8.663s] [ext: omni.kit.viewport.menubar.render-107.0.10] startup
[8.680s] [ext: isaacsim.replicator.domain_randomization-1.0.16] startup
[8.699s] [ext: isaacsim.replicator.examples-1.3.6] startup
[8.713s] [ext: omni.ocio-0.1.1] startup
[8.728s] [ext: omni.rtx.window.settings-0.6.19] startup
[8.774s] [ext: omni.kit.window.console-1.1.4] startup
[8.822s] [ext: omni.kit.window.status_bar-0.1.9] startup
[8.856s] [ext: omni.replicator.isaac-2.0.8] startup
2026-08-13T04:23:07Z [8,832ms] [Warning] [omni.replicator.isaac] omni.replicator.isaac has been deprecated in favor of isaacsim.replicator.domain_randomization, isaacsim.replicator.examples, isaacsim.replicator.writers. Please update your code accordingly.
[8.860s] [ext: omni.replicator.replicator_yaml-2.0.11] startup
[8.889s] [ext: omni.rtx.settings.core-0.6.5] startup
[8.910s] [ext: omni.usd.metrics.assembler.ui-107.3.1] startup
[8.972s] [ext: omni.isaac.surface_gripper-2.0.6] startup
2026-08-13T04:23:07Z [8,950ms] [Warning] [omni.isaac.surface_gripper] omni.isaac.surface_gripper has been deprecated in favor of isaacsim.robot.surface_gripper. Please update your code accordingly.
[8.977s] [ext: semantics.schema.editor-2.0.2] startup
[9.003s] [ext: omni.kit.ui.actions-1.0.5] startup
[9.012s] [ext: semantics.schema.property-2.0.1] startup
[9.020s] [ext: omni.isaac.universal_robots-1.0.6] startup
2026-08-13T04:23:07Z [8,998ms] [Warning] [omni.isaac.universal_robots] omni.isaac.universal_robots has been deprecated in favor of isaacsim.robot.manipulators.examples.universal_robots. Please update your code accordingly.
2026-08-13T04:23:07Z [8,999ms] [Warning] [omni.isaac.universal_robots.kinematics_solver] omni.isaac.franka has been deprecated in favor of isaacsim.robot.manipulators.examples.universal_robots. Please update your code accordingly.
2026-08-13T04:23:07Z [9,002ms] [Warning] [omni.isaac.universal_robots.ur10] omni.isaac.franka has been deprecated in favor of isaacsim.robot.manipulators.examples.universal_robots. Please update your code accordingly.
[9.030s] [ext: omni.isaac.core-4.0.7] startup
2026-08-13T04:23:07Z [9,014ms] [Warning] [omni.isaac.core.physics_context.physics_context] omni.isaac.core.physics_context.physics_context has been deprecated in favor of isaacsim.core.api.physics_context.physics_context. Please update your code accordingly.
2026-08-13T04:23:07Z [9,016ms] [Warning] [omni.isaac.core.simulation_context.simulation_context] omni.isaac.core.simulation_context.simulation_context has been deprecated in favor of isaacsim.core.api.simulation_context.simulation_context. Please update your code accordingly.
2026-08-13T04:23:07Z [9,018ms] [Warning] [omni.isaac.core.world.world] omni.isaac.core.world.world has been deprecated in favor of isaacsim.core.api.world.world. Please update your code accordingly.
2026-08-13T04:23:07Z [9,018ms] [Warning] [omni.isaac.core] omni.isaac.core has been deprecated in favor of isaacsim.core.api. Please update your code accordingly.
[9.046s] [ext: isaacsim.gui.sensors.icon-2.0.3] startup
[9.100s] [ext: isaacsim.asset.importer.mjcf-2.5.13] startup
[9.120s] [ext: omni.kit.menu.common-2.0.1] startup
[9.130s] [ext: isaacsim.exp.base-5.1.0] startup
[9.134s] [ext: omnigibson_5_1_0-3.9.0] startup
[9.141s] Simulation App Starting
2026-08-13T04:23:08Z [9,259ms] [Warning] [carb.audio.device] audio device is misconfigured or broken {deviceIndex = 0, name = 'default'} (The device is likely misconfigured, check your $HOME/.asoundrc)
2026-08-13T04:23:08Z [9,259ms] [Warning] [carb.audio.output] failed to retrieve the capabilities for device 0 {result = eDeviceLost (2)}
2026-08-13T04:23:08Z [9,259ms] [Warning] [carb.audio.context] failed to set the requested output during context creation.  Using a null streamer instead {result = eDeviceLost (2)}
2026-08-13T04:23:08Z [9,306ms] [Warning] [omni.fabric.plugin] Warning: attribute viewportHandle not found for bucket id 9

[9.365s] app ready
[15.158s] Simulation App Startup Complete
[16.165s] [ext: omni.physx.fabric-107.3.26] startup
2026-08-13T04:23:15Z [16,403ms] [Warning] [omni.fabric.plugin] Warning: attribute physics:filteredGroups not found for path /World/collision_groups/structural_doors

2026-08-13T04:23:17Z [18,736ms] [Warning] [omni.syntheticdata.plugin] OgnSdPostRenderVarToHost : rendervar copy from texture directly to host buffer is counter-performant. Please use copy from texture to device buffer first.

                   ____________
                  /          / \
                 /          / /__
                /          / /  /\
               /__________/ /__/  \
               \   _____  \ \__\  /
                \  \  / \  \ \_/ /
                 \  \/___\  \   /
                  \__________\_/  
       ___                  _  ____ _ _                     
      / _ \ _ __ ___  _ __ (_)/ ___(_) |__  ___  ___  _ __  
     | | | | '_ ` _ \| '_ \| | |  _| | '_ \/ __|/ _ \| '_ \ 
     | |_| | | | | | | | | | | |_| | | |_) \__ \ (_) | | | |
      \___/|_| |_| |_|_| |_|_|\____|_|_.__/|___/\___/|_| |_|

[0m[00:00:27.755] [INFO] [omnigibson.simulator] ---------- Welcome to OmniGibson! ----------[0m
2026-08-13T04:25:27Z [148,672ms] [Warning] [carb] Plugin interface for a client: omni.hydratexture.plugin was already released.
2026-08-13T04:25:35Z [156,238ms] [Warning] [omni.physx.tensors.plugin] DEPRECATED: Please use getDofFrictionProperties instead.
2026-08-13T04:25:35Z [156,239ms] [Warning] [omni.physx.tensors.plugin] DEPRECATED: Please use setDofFrictionProperties instead.
2026-08-13T04:25:35Z [156,240ms] [Warning] [omni.physx.tensors.plugin] DEPRECATED: Please use getDofFrictionProperties instead.
2026-08-13T04:25:35Z [156,240ms] [Warning] [omni.physx.tensors.plugin] DEPRECATED: Please use setDofFrictionProperties instead.
2026-08-13T04:25:35Z [156,241ms] [Warning] [omni.physx.tensors.plugin] DEPRECATED: Please use getDofFrictionProperties instead.
2026-08-13T04:25:35Z [156,241ms] [Warning] [omni.physx.tensors.plugin] DEPRECATED: Please use setDofFrictionProperties instead.
2026-08-13T04:25:35Z [156,331ms] [Warning] [omni.physx.tensors.plugin] DEPRECATED: Please use getDofFrictionProperties instead.
2026-08-13T04:25:35Z [156,331ms] [Warning] [omni.physx.tensors.plugin] DEPRECATED: Please use setDofFrictionProperties instead.
2026-08-13T04:25:35Z [156,332ms] [Warning] [omni.physx.tensors.plugin] DEPRECATED: Please use getDofFrictionProperties instead.
2026-08-13T04:25:35Z [156,332ms] [Warning] [omni.physx.tensors.plugin] DEPRECATED: Please use setDofFrictionProperties instead.
2026-08-13T04:25:35Z [156,411ms] [Warning] [omni.physx.tensors.plugin] DEPRECATED: Please use getDofFrictionProperties instead.
2026-08-13T04:25:35Z [156,411ms] [Warning] [omni.physx.tensors.plugin] DEPRECATED: Please use setDofFrictionProperties instead.
2026-08-13T04:25:35Z [156,502ms] [Warning] [omni.physx.tensors.plugin] DEPRECATED: Please use getDofFrictionProperties instead.
2026-08-13T04:25:35Z [156,502ms] [Warning] [omni.physx.tensors.plugin] DEPRECATED: Please use setDofFrictionProperties instead.
2026-08-13T04:25:35Z [156,503ms] [Warning] [omni.physx.tensors.plugin] DEPRECATED: Please use getDofFrictionProperties instead.
2026-08-13T04:25:35Z [156,503ms] [Warning] [omni.physx.tensors.plugin] DEPRECATED: Please use setDofFrictionProperties instead.
2026-08-13T04:25:35Z [156,504ms] [Warning] [omni.physx.tensors.plugin] DEPRECATED: Please use getDofFrictionProperties instead.
2026-08-13T04:25:35Z [156,504ms] [Warning] [omni.physx.tensors.plugin] DEPRECATED: Please use setDofFrictionProperties instead.
2026-08-13T04:25:35Z [156,786ms] [Warning] [omni.physx.tensors.plugin] DEPRECATED: Please use getDofFrictionProperties instead.
2026-08-13T04:25:35Z [156,786ms] [Warning] [omni.physx.tensors.plugin] DEPRECATED: Please use setDofFrictionProperties instead.
2026-08-13T04:25:35Z [156,787ms] [Warning] [omni.physx.tensors.plugin] DEPRECATED: Please use getDofFrictionProperties instead.
2026-08-13T04:25:35Z [156,787ms] [Warning] [omni.physx.tensors.plugin] DEPRECATED: Please use setDofFrictionProperties instead.
2026-08-13T04:25:35Z [156,841ms] [Warning] [omni.physx.tensors.plugin] DEPRECATED: Please use getDofFrictionProperties instead.
2026-08-13T04:25:35Z [156,841ms] [Warning] [omni.physx.tensors.plugin] DEPRECATED: Please use setDofFrictionProperties instead.
2026-08-13T04:25:35Z [156,853ms] [Warning] [omni.physx.tensors.plugin] DEPRECATED: Please use getDofFrictionProperties instead.
2026-08-13T04:25:35Z [156,853ms] [Warning] [omni.physx.tensors.plugin] DEPRECATED: Please use setDofFrictionProperties instead.
2026-08-13T04:25:35Z [156,869ms] [Warning] [omni.physx.tensors.plugin] DEPRECATED: Please use getDofFrictionProperties instead.
2026-08-13T04:25:35Z [156,869ms] [Warning] [omni.physx.tensors.plugin] DEPRECATED: Please use setDofFrictionProperties instead.
2026-08-13T04:25:35Z [156,885ms] [Warning] [omni.physx.tensors.plugin] DEPRECATED: Please use getDofFrictionProperties instead.
2026-08-13T04:25:35Z [156,885ms] [Warning] [omni.physx.tensors.plugin] DEPRECATED: Please use setDofFrictionProperties instead.
2026-08-13T04:25:35Z [156,901ms] [Warning] [omni.physx.tensors.plugin] DEPRECATED: Please use getDofFrictionProperties instead.
2026-08-13T04:25:35Z [156,901ms] [Warning] [omni.physx.tensors.plugin] DEPRECATED: Please use setDofFrictionProperties instead.
2026-08-13T04:25:35Z [156,917ms] [Warning] [omni.physx.tensors.plugin] DEPRECATED: Please use getDofFrictionProperties instead.
2026-08-13T04:25:35Z [156,917ms] [Warning] [omni.physx.tensors.plugin] DEPRECATED: Please use setDofFrictionProperties instead.
2026-08-13T04:25:36Z [157,700ms] [Warning] [omni.physx.tensors.plugin] DEPRECATED: Please use getDofFrictionProperties instead.
2026-08-13T04:25:36Z [157,700ms] [Warning] [omni.physx.tensors.plugin] DEPRECATED: Please use setDofFrictionProperties instead.
2026-08-13T04:25:36Z [157,701ms] [Warning] [omni.physx.tensors.plugin] DEPRECATED: Please use getDofFrictionProperties instead.
2026-08-13T04:25:36Z [157,702ms] [Warning] [omni.physx.tensors.plugin] DEPRECATED: Please use setDofFrictionProperties instead.
2026-08-13T04:25:36Z [157,769ms] [Warning] [omni.physx.tensors.plugin] DEPRECATED: Please use getDofFrictionProperties instead.
2026-08-13T04:25:36Z [157,769ms] [Warning] [omni.physx.tensors.plugin] DEPRECATED: Please use setDofFrictionProperties instead.
2026-08-13T04:25:36Z [157,770ms] [Warning] [omni.physx.tensors.plugin] DEPRECATED: Please use getDofFrictionProperties instead.
2026-08-13T04:25:36Z [157,770ms] [Warning] [omni.physx.tensors.plugin] DEPRECATED: Please use setDofFrictionProperties instead.
2026-08-13T04:25:38Z [159,562ms] [Warning] [omni.syntheticdata.plugin] SdRenderVarPtr missing valid input renderVar LdrColorSDhost
[0m[00:02:49.258] [INFO] [omnigibson.simulator] Imported scene 0.[0m
[33m[00:02:49.259] [WARNING] [omnigibson.envs.env_base] Robot config key 'type' is deprecated; use 'model' instead. Model IDs are lowercase (e.g. 'model': 'fetch'). [0m
[33m[00:02:49.355] [WARNING] [omnigibson.robots.robot] r1pro is set to floating base but is not a non-holonomic locomotion robot[0m
2026-08-13T04:26:13Z [194,444ms] [Warning] [carb] Client omni.hydratexture.plugin has acquired [carb::settings::ISettings v1.0] 100 times. Consider accessing this interface with carb::getCachedInterface() (Performance warning)
2026-08-13T04:26:14Z [196,101ms] [Warning] [carb] Client omni.hydratexture.plugin has acquired [carb::dictionary::IDictionary v1.1] 100 times. Consider accessing this interface with carb::getCachedInterface() (Performance warning)
[33m[00:03:26.744] [WARNING] [omnigibson.utils.usd_utils] RigidContactAPI cannot compute contacts because the physics sim view is invalid. This is expected if the physics sim view is not yet initialized, e.g. you are loading a scene for the first time.[0m
[33m[00:03:26.753] [WARNING] [omnigibson.utils.usd_utils] RigidContactAPI cannot compute contacts because the physics sim view is invalid. This is expected if the physics sim view is not yet initialized, e.g. you are loading a scene for the first time.[0m
2026-08-13T04:26:16Z [197,819ms] [Warning] [carb] Plugin interface for a client: omni.hydratexture.plugin was already released.
2026-08-13T04:26:16Z [197,823ms] [Warning] [carb] Plugin interface for a client: omni.hydratexture.plugin was already released.
2026-08-13T04:26:16Z [197,826ms] [Warning] [carb] Plugin interface for a client: omni.hydratexture.plugin was already released.
2026-08-13T04:26:16Z [197,829ms] [Warning] [carb] Plugin interface for a client: omni.hydratexture.plugin was already released.
2026-08-13T04:26:16Z [197,832ms] [Warning] [carb] Plugin interface for a client: omni.hydratexture.plugin was already released.
2026-08-13T04:26:16Z [197,835ms] [Warning] [carb] Plugin interface for a client: omni.hydratexture.plugin was already released.
2026-08-13T04:26:16Z [197,838ms] [Warning] [carb] Plugin interface for a client: omni.hydratexture.plugin was already released.
[0m[00:03:33.956] [INFO] [omnigibson.envs.hdf5_data_wrapper] 
Writing dataset hdf5 to: /root/ag_probe_tmp.hdf5
[0m
[33m[00:03:35.806] [WARNING] [omnigibson.utils.usd_utils] RigidContactAPI cannot compute contacts because the physics sim view is invalid. This is expected if the physics sim view is not yet initialized, e.g. you are loading a scene for the first time.[0m
[33m[00:03:35.816] [WARNING] [omnigibson.utils.usd_utils] RigidContactAPI cannot compute contacts because the physics sim view is invalid. This is expected if the physics sim view is not yet initialized, e.g. you are loading a scene for the first time.[0m
2026-08-13T04:26:34Z [215,588ms] [Error] [omni.kit.app._impl] [py stderr]: /root/miniconda3/envs/behavior/lib/python3.11/site-packages/gymnasium/spaces/box.py:415: UserWarning: [33mWARN: Casting input x to numpy array.[0m
  gym.logger.warn("Casting input x to numpy array.")
AGFIX arms: ['left', 'right'] grasping_mode: assisted
AGFIX pre: constraint/in_hand: {'left': False, 'right': False} {'left': False, 'right': False} radio_z: 0.759
AGFIX gripper contacts: []
AGFIX _calculate_in_hand_object: None
AGFIX after 10 replay steps: constraint/in_hand: {'left': False, 'right': False} {'left': False, 'right': False} radio_z: 0.7597
AGFIX contacts after steps: []
AGFIX in_hand after steps: None
AGFIX establishing on: radio_89 base_link
AGFIX joint_type: FixedJoint
AGFIX contact fallback = fingertip midpoint
2026-08-13T04:26:40Z [221,216ms] [Warning] [omni.physx.plugin] PhysicsUSD: CreateJoint - found a joint with disjointed body transforms, the simulation will most likely snap objects together: /World/scene_0/controllable__r1pro__robot_r1/left_eef_link/ag_constraint
AGFIX post-establish: constraint/in_hand: {'left': True, 'right': False} {'left': True, 'right': False}
AGFIX t=  0 radio_z=0.7598 dz=+0.0001 AG={'left': True, 'right': False}
AGFIX t= 10 radio_z=0.7626 dz=+0.0029 AG={'left': True, 'right': False}
AGFIX t= 20 radio_z=0.7657 dz=+0.0060 AG={'left': True, 'right': False}
2026-08-13T04:26:49Z [230,985ms] [Warning] [carb] Client gpu.foundation.plugin has acquired [gpu::unstable::IMemoryBudgetManagerFactory v0.1] 100 times. Consider accessing this interface with carb::getCachedInterface() (Performance warning)
AGFIX t= 30 radio_z=0.7664 dz=+0.0066 AG={'left': True, 'right': False}
AGFIX t= 40 radio_z=0.7652 dz=+0.0054 AG={'left': True, 'right': False}
AGFIX t= 50 radio_z=0.7633 dz=+0.0035 AG={'left': True, 'right': False}
AGFIX t= 60 radio_z=0.7623 dz=+0.0026 AG={'left': True, 'right': False}
AGFIX t= 70 radio_z=0.7625 dz=+0.0028 AG={'left': True, 'right': False}
AGFIX t= 80 radio_z=0.7629 dz=+0.0032 AG={'left': True, 'right': False}
AGFIX t= 90 radio_z=0.7631 dz=+0.0034 AG={'left': True, 'right': False}
AGFIX t=100 radio_z=0.7632 dz=+0.0034 AG={'left': True, 'right': False}
AGFIX t=110 radio_z=0.7631 dz=+0.0034 AG={'left': True, 'right': False}
AGFIX t=119 radio_z=0.7630 dz=+0.0033 AG={'left': True, 'right': False}
AGFIX settle_drift_30=0.0067 final_dz=+0.0033
AG_FIX_PROBE FAIL
PROBE_DONE
