[0m[00:00:09.303] [INFO] [omnigibson.simulator] ----- Starting OmniGibson. This will take 10-30 seconds... -----[0m
Starting kit application with the following args:  ['/root/miniconda3/envs/behavior/lib/python3.11/site-packages/isaacsim/exts/isaacsim.simulation_app/isaacsim/simulation_app/simulation_app.py', '/root/miniconda3/envs/behavior/lib/python3.11/site-packages/isaacsim/apps/omnigibson_5_1_0.kit', '--/app/tokens/exe-path=/root/miniconda3/envs/behavior/lib/python3.11/site-packages/isaacsim/kit', '--/persistent/app/viewport/displayOptions=3094', '--/rtx/materialDb/syncLoads=True', '--/rtx/hydra/materialSyncLoads=True', '--/omni.kit.plugin/syncUsdLoads=True', '--/app/renderer/resolution/width=1280', '--/app/renderer/resolution/height=720', '--/app/window/width=1440', '--/app/window/height=900', '--/renderer/multiGpu/enabled=False', '--/app/fastShutdown=True', '--/app/installSignalHandlers=0', '--ext-folder', '/root/miniconda3/envs/behavior/lib/python3.11/site-packages/isaacsim/exts', '--ext-folder', '/root/miniconda3/envs/behavior/lib/python3.11/site-packages/isaacsim/apps', '--/physics/cudaDevice=0', '--/plugins/carb.tasking.plugin/threadCount=32', '--/plugins/omni.tbb.globalcontrol/maxThreadCount=32', '--no-window', '--/app/window/hideUi=1', '--allow-root']
Passing the following args to the base kit application:  ['--portable-root', '/root/bw/BEHAVIOR-1K/OmniGibson/appdata/local', '--/app/tokens/omni_global_cache=/root/bw/BEHAVIOR-1K/OmniGibson/appdata/global/cache', '--/app/tokens/omni_global_data=/root/bw/BEHAVIOR-1K/OmniGibson/appdata/global/data']
[Info] [carb] Logging to file: /root/bw/BEHAVIOR-1K/OmniGibson/appdata/local/logs/Kit/OmniGibson/3.9/kit_20260813_041057.log
[0.084s] [ext: omni.kit.async_engine-0.0.3] startup
DEBUG:asyncio:Using selector: EpollSelector
[0.241s] [ext: omni.metrics.core-0.0.3] startup
[0.242s] [ext: omni.client.lib-1.1.0] startup
[0.262s] [ext: omni.blobkey-1.1.2] startup
[0.263s] [ext: omni.stats-1.0.1] startup
[0.264s] [ext: omni.datastore-0.0.0] startup
[0.274s] [ext: omni.client-1.3.0] startup
[0.282s] [ext: omni.ujitso.default-1.0.0] startup
[0.285s] [ext: omni.hsscclient-1.1.2] startup
[0.294s] [ext: omni.gpu_foundation.shadercache.vulkan-1.0.0] startup
[0.298s] [ext: omni.assets.plugins-0.0.0] startup
[0.300s] [ext: omni.gpu_foundation-0.0.0] startup
[0.313s] [ext: carb.windowing.plugins-1.0.0] startup
2026-08-13T04:10:57Z [281ms] [Warning] [carb.windowing-glfw.plugin] GLFW initialization failed.
2026-08-13T04:10:57Z [281ms] [Warning] [carb] Failed to startup plugin carb.windowing-glfw.plugin (interfaces: [carb::windowing::IGLContext v1.0],[carb::windowing::IWindowing v1.5]) (impl: carb.windowing-glfw.plugin)
[0.319s] [ext: omni.kit.renderer.init-0.0.0] startup
2026-08-13T04:10:57Z [400ms] [Warning] [omni.platforminfo.plugin] failed to open the default display.  Can't verify X Server version.

|---------------------------------------------------------------------------------------------|
| Driver Version: 580.159.04    | Graphics API: Vulkan
|=============================================================================================|
| GPU | Name                             | Active | LDA | GPU Memory | Vendor-ID | LUID       |
|     |                                  |        |     |            | Device-ID | UUID       |
|     |                                  |        |     |            | Bus-ID    |            |
|---------------------------------------------------------------------------------------------|
| 0   | NVIDIA RTX A5000                 | Yes: 0 |     | 24810   MB | 10de      | 0          |
|     |                                  |        |     |            | 2231      | cc413494.. |
|     |                                  |        |     |            | 4f        |            |
|=============================================================================================|
| OS: 24.04.2 LTS (Noble Numbat) ubuntu, Version: 24.04.2, Kernel: 6.8.0-134-generic
| Processor: Intel(R) Xeon(R) Gold 6342 CPU @ 2.80GHz
| Bare Metal Cores: 48 | Bare Metal Logical Cores: 96
| Core Usage Quota: 7.65
|---------------------------------------------------------------------------------------------|
| Total Memory (MB): 47683 | Free Memory: 10625
| Total Page/Swap (MB): 0 | Free Page/Swap: 0
|---------------------------------------------------------------------------------------------|
2026-08-13T04:10:59Z [1,676ms] [Warning] [gpu.foundation.plugin] IOMMU is enabled.
[2.033s] [ext: omni.materialx.libs-1.0.7] startup
[2.048s] [ext: omni.kit.loop-isaac-1.3.7] startup
[2.049s] [ext: omni.kit.test-2.0.1] startup
[2.085s] [ext: omni.usd.config-1.0.6] startup
[2.090s] [ext: omni.gpucompute.plugins-0.0.0] startup
[2.091s] [ext: omni.usd.libs-1.0.1] startup
[2.303s] [ext: omni.kit.telemetry-0.5.2] startup
[2.391s] [ext: omni.mdl-56.0.3] startup
[2.423s] [ext: omni.iray.libs-0.0.0] startup
[2.430s] [ext: omni.mdl.neuraylib-0.2.12] startup
[2.433s] [ext: omni.kit.usd.mdl-1.1.5] startup
[2.547s] [ext: omni.kit.pipapi-0.0.0] startup
[2.549s] [ext: omni.appwindow-1.1.10] startup
2026-08-13T04:10:59Z [2,516ms] [Warning] [carb.windowing-glfw.plugin] GLFW initialization failed.
2026-08-13T04:10:59Z [2,516ms] [Warning] [carb] Failed to startup plugin carb.windowing-glfw.plugin (interfaces: [carb::windowing::IGLContext v1.0],[carb::windowing::IWindowing v1.5]) (impl: carb.windowing-glfw.plugin)
[2.552s] [ext: omni.kit.renderer.core-1.1.0] startup
2026-08-13T04:10:59Z [2,537ms] [Warning] [carb.windowing-glfw.plugin] GLFW initialization failed.
2026-08-13T04:10:59Z [2,537ms] [Warning] [carb] Failed to startup plugin carb.windowing-glfw.plugin (interfaces: [carb::windowing::IGLContext v1.0],[carb::windowing::IWindowing v1.5]) (impl: carb.windowing-glfw.plugin)
2026-08-13T04:11:00Z [2,547ms] [Warning] [carb.windowing-glfw.plugin] GLFW initialization failed.
2026-08-13T04:11:00Z [2,547ms] [Warning] [carb] Failed to startup plugin carb.windowing-glfw.plugin (interfaces: [carb::windowing::IGLContext v1.0],[carb::windowing::IWindowing v1.5]) (impl: carb.windowing-glfw.plugin)
[2.583s] [ext: omni.kit.renderer.capture-0.0.0] startup
[2.585s] [ext: omni.kit.renderer.imgui-2.0.5] startup
2026-08-13T04:11:00Z [2,556ms] [Warning] [carb.windowing-glfw.plugin] GLFW initialization failed.
2026-08-13T04:11:00Z [2,556ms] [Warning] [carb] Failed to startup plugin carb.windowing-glfw.plugin (interfaces: [carb::windowing::IGLContext v1.0],[carb::windowing::IWindowing v1.5]) (impl: carb.windowing-glfw.plugin)
2026-08-13T04:11:00Z [2,558ms] [Warning] [carb.windowing-glfw.plugin] GLFW initialization failed.
2026-08-13T04:11:00Z [2,558ms] [Warning] [carb] Failed to startup plugin carb.windowing-glfw.plugin (interfaces: [carb::windowing::IGLContext v1.0],[carb::windowing::IWindowing v1.5]) (impl: carb.windowing-glfw.plugin)
2026-08-13T04:11:00Z [2,560ms] [Warning] [carb.windowing-glfw.plugin] GLFW initialization failed.
2026-08-13T04:11:00Z [2,560ms] [Warning] [carb] Failed to startup plugin carb.windowing-glfw.plugin (interfaces: [carb::windowing::IGLContext v1.0],[carb::windowing::IWindowing v1.5]) (impl: carb.windowing-glfw.plugin)
[2.671s] [ext: omni.ui-2.27.1] startup
[2.684s] [ext: omni.kit.mainwindow-1.0.3] startup
[2.685s] [ext: carb.audio-0.1.0] startup
[2.694s] [ext: omni.uiaudio-1.0.0] startup
[2.695s] [ext: omni.kit.uiapp-0.0.0] startup
[2.696s] [ext: omni.usd.schema.metrics.assembler-107.3.1] startup
[2.700s] [ext: omni.usd.schema.audio-0.0.0] startup
[2.706s] [ext: omni.usd_resolver-1.0.0] startup
[2.714s] [ext: omni.usd.core-1.5.3] startup
[2.720s] [ext: omni.usd.schema.omni_lens_distortion-0.0.0] startup
[2.751s] [ext: omni.usd.schema.anim-0.0.0] startup
[2.790s] [ext: omni.usd.schema.geospatial-0.0.0] startup
[2.795s] [ext: omni.usd.schema.semantics-0.0.0] startup
[2.800s] [ext: omni.kit.actions.core-1.0.0] startup
[2.804s] [ext: omni.activity.core-1.0.3] startup
[2.806s] [ext: omni.kit.commands-1.4.10] startup
[2.812s] [ext: usdrt.scenegraph-7.6.1] startup
[2.873s] [ext: omni.resourcemonitor-107.0.1] startup
[2.877s] [ext: omni.kit.audiodeviceenum-1.0.2] startup
[2.880s] [ext: omni.hydra.usdrt_delegate-7.5.1] startup
[2.896s] [ext: omni.kit.usd_undo-0.1.8] startup
[2.897s] [ext: omni.kit.window.popup_dialog-2.0.24] startup
[2.903s] [ext: omni.graph.exec-0.9.6] startup
[2.904s] [ext: omni.timeline-1.0.14] startup
[2.907s] [ext: omni.kit.widget.nucleus_connector-2.0.1] startup
[2.910s] [ext: omni.kit.exec.core-0.13.4] startup
[2.913s] [ext: omni.hydra.scene_delegate-0.3.4] startup
[2.925s] [ext: omni.usd-1.13.10] startup
[2.974s] [ext: omni.kit.asset_converter-5.0.17] startup
[2.996s] [ext: omni.usd.schema.isaac-3.0.5] startup
[2.996s] [ext: omni.usd.schema.omnigraph-1.0.0] startup
[3.008s] [ext: isaacsim.robot.schema-3.6.0] startup
[3.025s] [ext: omni.usd.schema.omniscripting-1.0.0] startup
[3.035s] [ext: omni.usd.schema.flow-107.1.1] startup
[3.036s] [ext: omni.usd.schema.omni_sensors-0.0.0] startup
[3.037s] [ext: omni.usd.schema.physx-107.3.26] startup
[3.090s] [ext: omni.inspect-1.0.2] startup
[3.093s] [ext: omni.kit.notification_manager-1.0.10] startup
[3.095s] [ext: omni.graph.core-2.184.5] startup
[3.101s] [ext: isaacsim.core.deprecation_manager-0.2.7] startup
[3.102s] [ext: omni.usd.schema.render_settings.rtx-0.0.0] startup
[3.104s] [ext: omni.anim.graph.schema-107.3.3] startup
[3.117s] [ext: omni.anim.navigation.schema-107.3.3] startup
[3.124s] [ext: omni.kit.widget.path_field-2.0.11] startup
[3.125s] [ext: omni.kit.viewport.legacy_gizmos-1.0.19] startup
[3.131s] [ext: omni.kit.widget.browser_bar-2.0.10] startup
[3.132s] [ext: omni.kit.clipboard-1.0.5] startup
[3.134s] [ext: omni.kit.usd.layers-2.2.11] startup
[3.148s] [ext: omni.ui.scene-1.11.5] startup
[3.155s] [ext: omni.index.libs-380600.8087.0] startup
[3.155s] [ext: omni.kit.viewport.scene_camera_model-1.0.6] startup
[3.167s] [ext: omni.index-1.0.1] startup
[3.168s] [ext: omni.hydra.rtx.shadercache.vulkan-1.0.0] startup
[3.174s] [ext: omni.kit.widget.options_menu-1.1.6] startup
[3.179s] [ext: omni.volume-0.5.2] startup
[3.184s] [ext: omni.ujitso.client-0.0.0] startup
[3.185s] [ext: omni.kit.helper.file_utils-0.1.9] startup
[3.187s] [ext: omni.kit.menu.core-1.1.2] startup
[3.188s] [ext: omni.hydra.rtx-1.0.0] startup
2026-08-13T04:11:00Z [3,191ms] [Warning] [omni.log] Source: omni.hydra was already registered.
[3.266s] [ext: omni.kit.widget.options_button-1.0.3] startup
[3.267s] [ext: omni.kit.widget.filebrowser-2.12.3] startup
[3.274s] [ext: omni.kit.widget.context_menu-1.2.5] startup
[3.276s] [ext: omni.kit.hydra_texture-1.4.6] startup
[3.284s] [ext: omni.kit.window.filepicker-2.13.4] startup
[3.300s] [ext: omni.kit.menu.utils-2.0.5] startup
[3.311s] [ext: omni.kit.context_menu-1.8.6] startup
[3.313s] [ext: omni.kit.widget.viewport-107.1.3] startup
[3.319s] [ext: omni.kit.viewport.registry-104.0.6] startup
[3.320s] [ext: omni.kit.window.file_importer-1.1.18] startup
[3.323s] [ext: omni.kit.raycast.query-1.1.0] startup
[3.337s] [ext: omni.kit.material.library-2.0.7] startup
[3.345s] [ext: omni.kit.window.drop_support-1.0.5] startup
[3.345s] [ext: omni.hydra.engine.stats-1.0.3] startup
[3.352s] [ext: omni.kit.viewport.window-107.2.0] startup
[3.380s] [ext: omni.kit.widget.zoombar-1.0.6] startup
[3.381s] [ext: omni.kit.widget.searchfield-1.1.8] startup
[3.383s] [ext: omni.kit.widget.filter-1.1.4] startup
[3.384s] [ext: omni.kit.window.file_exporter-1.0.33] startup
[3.385s] [ext: omni.kit.hotkeys.core-1.3.10] startup
[3.387s] [ext: omni.kit.browser.core-2.3.13] startup
[3.392s] [ext: omni.kit.stage_template.core-1.1.22] startup
[3.393s] [ext: omni.kit.widget.stage-3.1.4] startup
[3.409s] [ext: omni.kit.browser.folder.core-1.10.9] startup
[3.416s] [ext: omni.kit.window.file-2.0.5] startup
[3.421s] [ext: omni.kit.window.content_browser_registry-0.0.6] startup
[3.422s] [ext: omni.kit.widget.prompt-1.0.7] startup
[3.423s] [ext: omni.kit.usd.collect-2.4.5] startup
[3.426s] [ext: omni.graph.tools-1.79.2] startup
DEBUG:AutoNode:Defining data type 'any' as 'Any'
DEBUG:AutoNode:Defining data type 'bool' as 'Bool' and array 'BoolArray
DEBUG:AutoNode:Defining data type 'bundle' as 'Bundle'
DEBUG:AutoNode:Defining data type 'colord[3]' as 'Color3d' and array 'Color3dArray
DEBUG:AutoNode:Defining data type 'colorf[3]' as 'Color3f' and array 'Color3fArray
DEBUG:AutoNode:Defining data type 'colorh[3]' as 'Color3h' and array 'Color3hArray
DEBUG:AutoNode:Defining data type 'colord[4]' as 'Color4d' and array 'Color4dArray
DEBUG:AutoNode:Defining data type 'colorf[4]' as 'Color4f' and array 'Color4fArray
DEBUG:AutoNode:Defining data type 'colorh[4]' as 'Color4h' and array 'Color4hArray
DEBUG:AutoNode:Defining data type 'double' as 'Double' and array 'DoubleArray
DEBUG:AutoNode:Defining data type 'double[2]' as 'Double2' and array 'Double2Array
DEBUG:AutoNode:Defining data type 'double[3]' as 'Double3' and array 'Double3Array
DEBUG:AutoNode:Defining data type 'double[4]' as 'Double4' and array 'Double4Array
DEBUG:AutoNode:Defining data type 'execution' as 'Execution'
DEBUG:AutoNode:Defining data type 'float' as 'Float' and array 'FloatArray
DEBUG:AutoNode:Defining data type 'float[2]' as 'Float2' and array 'Float2Array
DEBUG:AutoNode:Defining data type 'float[3]' as 'Float3' and array 'Float3Array
DEBUG:AutoNode:Defining data type 'float[4]' as 'Float4' and array 'Float4Array
DEBUG:AutoNode:Defining data type 'frame[4]' as 'Frame' and array 'FrameArray
DEBUG:AutoNode:Defining data type 'half' as 'Half' and array 'HalfArray
DEBUG:AutoNode:Defining data type 'half[2]' as 'Half2' and array 'Half2Array
DEBUG:AutoNode:Defining data type 'half[3]' as 'Half3' and array 'Half3Array
DEBUG:AutoNode:Defining data type 'half[4]' as 'Half4' and array 'Half4Array
DEBUG:AutoNode:Defining data type 'int' as 'Int' and array 'IntArray
DEBUG:AutoNode:Defining data type 'int[2]' as 'Int2' and array 'Int2Array
DEBUG:AutoNode:Defining data type 'int[3]' as 'Int3' and array 'Int3Array
DEBUG:AutoNode:Defining data type 'int[4]' as 'Int4' and array 'Int4Array
DEBUG:AutoNode:Defining data type 'int64' as 'Int64' and array 'Int64Array
DEBUG:AutoNode:Defining data type 'matrixd[2]' as 'Matrix2d' and array 'Matrix2dArray
DEBUG:AutoNode:Defining data type 'matrixd[3]' as 'Matrix3d' and array 'Matrix3dArray
DEBUG:AutoNode:Defining data type 'matrixd[4]' as 'Matrix4d' and array 'Matrix4dArray
DEBUG:AutoNode:Defining data type 'normald[3]' as 'Normal3d' and array 'Normal3dArray
DEBUG:AutoNode:Defining data type 'normalf[3]' as 'Normal3f' and array 'Normal3fArray
DEBUG:AutoNode:Defining data type 'normalh[3]' as 'Normal3h' and array 'Normal3hArray
DEBUG:AutoNode:Defining data type 'objectId' as 'ObjectId' and array 'ObjectIdArray
DEBUG:AutoNode:Defining data type 'path' as 'Path'
DEBUG:AutoNode:Defining data type 'pointd[3]' as 'Point3d' and array 'Point3dArray
DEBUG:AutoNode:Defining data type 'pointf[3]' as 'Point3f' and array 'Point3fArray
DEBUG:AutoNode:Defining data type 'pointh[3]' as 'Point3h' and array 'Point3hArray
DEBUG:AutoNode:Defining data type 'quatd[4]' as 'Quatd' and array 'QuatdArray
DEBUG:AutoNode:Defining data type 'quatf[4]' as 'Quatf' and array 'QuatfArray
DEBUG:AutoNode:Defining data type 'quath[4]' as 'Quath' and array 'QuathArray
DEBUG:AutoNode:Defining data type 'string' as 'String'
DEBUG:AutoNode:Defining data type 'target' as 'Target'
DEBUG:AutoNode:Defining data type 'texcoordd[2]' as 'TexCoord2d' and array 'TexCoord2dArray
DEBUG:AutoNode:Defining data type 'texcoordf[2]' as 'TexCoord2f' and array 'TexCoord2fArray
DEBUG:AutoNode:Defining data type 'texcoordh[2]' as 'TexCoord2h' and array 'TexCoord2hArray
DEBUG:AutoNode:Defining data type 'texcoordd[3]' as 'TexCoord3d' and array 'TexCoord3dArray
DEBUG:AutoNode:Defining data type 'texcoordf[3]' as 'TexCoord3f' and array 'TexCoord3fArray
DEBUG:AutoNode:Defining data type 'texcoordh[3]' as 'TexCoord3h' and array 'TexCoord3hArray
DEBUG:AutoNode:Defining data type 'timecode' as 'Timecode' and array 'TimecodeArray
DEBUG:AutoNode:Defining data type 'token' as 'Token' and array 'TokenArray
DEBUG:AutoNode:Defining data type 'uchar' as 'UChar' and array 'UCharArray
DEBUG:AutoNode:Defining data type 'uint' as 'UInt' and array 'UIntArray
DEBUG:AutoNode:Defining data type 'uint64' as 'UInt64' and array 'UInt64Array
DEBUG:AutoNode:Defining data type 'vectord[3]' as 'Vector3d' and array 'Vector3dArray
DEBUG:AutoNode:Defining data type 'vectorf[3]' as 'Vector3f' and array 'Vector3fArray
DEBUG:AutoNode:Defining data type 'vectorh[3]' as 'Vector3h' and array 'Vector3hArray
[3.464s] [ext: omni.kit.window.content_browser-3.1.3] startup
[3.482s] [ext: omni.kit.usdz_export-1.0.9] startup
[3.485s] [ext: omni.graph.action_core-1.1.7] startup
[3.488s] [ext: omni.graph-1.141.2] startup
[3.550s] [ext: omni.kit.widget.stage_icons-1.0.8] startup
[3.552s] [ext: omni.kit.tool.asset_importer-4.3.2] startup
[3.561s] [ext: omni.graph.action_nodes-1.50.4] startup
[3.575s] [ext: omni.kit.window.stage-2.6.1] startup
[3.590s] [ext: omni.kit.widget.searchable_combobox-1.0.6] startup
[3.593s] [ext: omni.graph.action-1.130.0] startup
[3.595s] [ext: omni.kit.menu.stage-1.2.7] startup
[3.598s] [ext: omni.kit.widget.settings-1.2.6] startup
[3.603s] [ext: omni.kit.viewport.utility-1.1.2] startup
[3.605s] [ext: omni.kit.property.adapter.core-1.0.2] startup
[3.611s] [ext: omni.kit.window.preferences-1.8.0] startup
[3.626s] [ext: omni.kit.viewport.actions-107.0.2] startup
[3.637s] [ext: omni.kit.widget.highlight_label-1.0.3] startup
[3.641s] [ext: omni.kit.property.adapter.usd-1.0.2] startup
[3.645s] [ext: omni.kit.viewport.menubar.core-107.2.1] startup
[3.716s] [ext: omni.kit.property.adapter.fabric-1.0.3] startup
[3.719s] [ext: omni.kit.viewport.menubar.display-107.0.3] startup
[3.722s] [ext: omni.kit.window.property-1.12.1] startup
[3.728s] [ext: omni.ui_query-1.1.8] startup
[3.731s] [ext: omni.kit.property.usd-4.5.12] startup
[3.749s] [ext: omni.kit.menu.create-2.0.1] startup
[3.754s] [ext: isaacsim.core.version-2.0.6] startup
[3.758s] [ext: omni.kit.ui_test-1.3.7] startup
[3.764s] [ext: omni.kit.scripting-107.3.2] startup
[3.773s] [ext: omni.convexdecomposition-107.3.26] startup
[3.780s] [ext: isaacsim.storage.native-1.5.1] startup
[3.783s] [ext: omni.kit.widget.toolbar-2.0.1] startup
[3.801s] [ext: omni.kit.manipulator.transform-107.0.0] startup
[3.811s] [ext: omni.kvdb-107.3.26] startup
[3.816s] [ext: omni.usdphysics-107.3.26] startup
[3.821s] [ext: omni.physx.foundation-107.3.26] startup
[3.827s] [ext: omni.localcache-107.3.26] startup
[3.830s] [ext: omni.kit.window.extensions-1.4.27] startup
[3.841s] [ext: omni.physx.cooking-107.3.26] startup
[3.848s] [ext: omni.kit.manipulator.viewport-107.0.1] startup
[3.851s] [ext: omni.physx-107.3.26] startup
[3.869s] [ext: omni.graph.visualization.nodes-2.1.3] startup
[3.882s] [ext: isaacsim.replicator.behavior-1.1.16] startup
[3.887s] [ext: omni.kit.tool.collect-2.2.18] startup
[3.897s] [ext: omni.kit.manipulator.tool.snap-1.5.13] startup
[3.912s] [ext: omni.kit.manipulator.selector-1.1.3] startup
[3.921s] [ext: isaacsim.gui.components-1.2.1] startup
[3.934s] [ext: isaacsim.examples.browser-0.2.1] startup
[3.969s] [ext: isaacsim.asset.importer.urdf-2.4.30] startup
[4.138s] [ext: omni.kit.viewport.manipulator.transform-107.0.4] startup
[4.145s] [ext: omni.kit.primitive.mesh-1.0.17] startup
[4.172s] [ext: omni.kit.manipulator.prim.core-107.0.8] startup
[4.189s] [ext: omni.fabric.commands-1.1.6] startup
[4.195s] [ext: omni.kit.manipulator.prim.usd-107.0.3] startup
[4.200s] [ext: omni.kit.manipulator.prim.fabric-107.0.4] startup
[4.207s] [ext: omni.kit.widget.layers-1.8.6] startup
[4.237s] [ext: omni.kit.manipulator.selection-106.0.1] startup
[4.244s] [ext: omni.kit.manipulator.prim-107.0.0] startup
[4.246s] [ext: omni.debugdraw-0.1.4] startup
[4.259s] [ext: omni.physics-107.3.26] startup
[4.267s] [ext: omni.usdphysics.ui-107.3.26] startup
[4.309s] [ext: omni.physx.commands-107.3.26] startup
[4.321s] [ext: omni.physics.stageupdate-107.3.26] startup
[4.326s] [ext: omni.kit.window.toolbar-2.0.0] startup
[4.333s] [ext: omni.physx.ui-107.3.26] startup
[4.382s] [ext: omni.kit.widget.graph-2.0.0] startup
[4.396s] [ext: omni.physx.supportui-107.3.26] startup
[4.416s] [ext: omni.kit.graph.delegate.default-1.2.3] startup
[4.424s] [ext: omni.kit.numpy.common-0.1.3] startup
[4.428s] [ext: omni.usd.metrics.assembler-107.3.1] startup
[4.437s] [ext: omni.physics.physx-107.3.26] startup
2026-08-13T04:11:01Z [4,407ms] [Warning] [carb] Acquiring non optional plugin interface which is not listed as dependency: [omni::physx::IPhysxBenchmarks v1.0] (plugin: <default plugin>), by client: omni.physics.physx.plugin. Add it to CARB_PLUGIN_IMPL_DEPS() macro of a client.
[4.441s] [ext: omni.physics.tensors-107.3.26] startup
[4.450s] [ext: omni.warp.core-1.8.2] startup
[4.720s] [ext: omni.usd.metrics.assembler.physics-107.3.26] startup
[4.726s] [ext: omni.isaac.dynamic_control-2.0.7] startup
2026-08-13T04:11:02Z [4,703ms] [Warning] [omni.isaac.dynamic_control] omni.isaac.dynamic_control is deprecated as of Isaac Sim 4.5. No action is needed from end-users.
[4.738s] [ext: omni.physx.tensors-107.3.26] startup
[4.754s] [ext: isaacsim.core.utils-3.5.1] startup
[4.761s] [ext: omni.graph.image.core-0.6.1] startup
[4.771s] [ext: isaacsim.core.simulation_manager-1.4.4] startup
[4.959s] [ext: omni.graph.image.nodes-1.3.1] startup
[4.970s] [ext: omni.kit.stage_templates-2.0.0] startup
[4.973s] [ext: isaacsim.core.prims-0.6.1] startup
[5.012s] [ext: omni.syntheticdata-0.6.13] startup
[5.036s] [ext: isaacsim.core.api-4.8.0] startup
[5.073s] [ext: omni.videoencoding-0.1.2] startup
[5.093s] [ext: isaacsim.core.experimental.utils-0.3.0] startup
[5.105s] [ext: omni.kit.graph.editor.core-1.5.3] startup
[5.119s] [ext: omni.kit.graph.usd.commands-1.3.1] startup
[5.124s] [ext: isaacsim.simulation_app-2.12.2] startup
[5.127s] [ext: omni.graph.ui_nodes-1.50.5] startup
[5.139s] [ext: omni.graph.nodes-1.170.10] startup
[5.164s] [ext: omni.kit.widget.material_preview-1.0.16] startup
[5.173s] [ext: isaacsim.test.docstring-1.1.0] startup
[5.190s] [ext: omni.isaac.kit-2.0.6] startup
2026-08-13T04:11:02Z [5,160ms] [Warning] [omni.isaac.kit] omni.isaac.kit has been deprecated in favor of isaacsim.simulation_app. Please update your code accordingly.
[5.195s] [ext: isaacsim.robot_motion.lula-4.0.8] startup
[5.218s] [ext: omni.warp-1.8.2] startup
[5.231s] [ext: omni.kit.window.material_graph-1.9.1] startup
[5.269s] [ext: omni.graph.scriptnode-1.50.0] startup
[5.280s] [ext: isaacsim.robot_motion.motion_generation-8.0.26] startup
[5.343s] [ext: isaacsim.core.experimental.prims-0.8.1] startup
[5.593s] [ext: omni.replicator.core-1.12.27] startup
2026-08-13T04:11:03Z [5,608ms] [Warning] [pxr.Semantics] pxr.Semantics is deprecated - please use Semantics instead
Warp 1.8.2 initialized:
   CUDA Toolkit 12.8, Driver 13.0
   Devices:
     "cpu"      : "x86_64"
     "cuda:0"   : "NVIDIA RTX A5000" (24 GiB, sm_86, mempool enabled)
   Kernel cache:
     /root/.cache/warp/1.8.2
2026-08-13T04:11:03Z [6,106ms] [Warning] [omni.graph.core.plugin] Found duplicate of category 'Replicator' - was 'Annotators', adding 'Fabric Reader'
2026-08-13T04:11:03Z [6,106ms] [Warning] [omni.graph.core.plugin] Category 'Replicator' not accepted on node type 'omni.replicator.core.FabricReader' in extension 'omni.replicator.core'
2026-08-13T04:11:03Z [6,128ms] [Warning] [omni.replicator.core.scripts.extension] No material configuration file, adding configuration to material settings directly.
[6.189s] [ext: isaacsim.robot_motion.lula_test_widget-1.0.12] startup
[6.227s] [ext: isaacsim.robot.surface_gripper-3.3.1] startup
[6.255s] [ext: isaacsim.core.nodes-3.4.3] startup
[6.299s] [ext: omni.isaac.lula_test_widget-1.0.6] startup
2026-08-13T04:11:03Z [6,275ms] [Warning] [omni.isaac.lula_test_widget] omni.isaac.lula_test_widget has been deprecated in favor of isaacsim.robot_motion.lula_test_widget. Please update your code accordingly.
[6.310s] [ext: isaacsim.robot.manipulators-3.3.6] startup
[6.365s] [ext: isaacsim.core.experimental.objects-0.4.0] startup
[6.483s] [ext: isaacsim.core.experimental.materials-0.4.0] startup
[6.578s] [ext: isaacsim.core.throttling-2.2.2] startup
[6.601s] [ext: isaacsim.robot.manipulators.examples-1.1.2] startup
[6.605s] [ext: omni.flowusd-107.1.8] startup
2026-08-13T04:11:04Z [6,581ms] [Warning] [omni.stageupdate.plugin] Deprecated: direct use of IStageUpdate callbacks is deprecated. Use IStageUpdate::getStageUpdate instead.
[6.626s] [ext: isaacsim.cortex.framework-1.0.12] startup
[6.632s] [ext: omni.isaac.core_nodes-2.0.6] startup
2026-08-13T04:11:04Z [6,610ms] [Warning] [omni.isaac.core_nodes] omni.isaac.core_nodes has been deprecated in favor of isaacsim.core.nodes. Please update your code accordingly.
[6.649s] [ext: omni.isaac.cortex-1.0.5] startup
2026-08-13T04:11:04Z [6,627ms] [Warning] [omni.isaac.cortex] omni.isaac.cortex has been deprecated in favor of isaacsim.cortex.framework. Please update your code accordingly.
[6.678s] [ext: omni.anim.curve.core-1.3.1] startup
[6.732s] [ext: omni.isaac.franka-1.0.7] startup
2026-08-13T04:11:04Z [6,717ms] [Warning] [omni.isaac.franka] omni.isaac.franka has been deprecated in favor of isaacsim.robot.manipulators.examples.franka. Please update your code accordingly.
2026-08-13T04:11:04Z [6,717ms] [Warning] [omni.isaac.franka.franka] omni.isaac.franka has been deprecated in favor of isaacsim.robot.manipulators.examples.franka. Please update your code accordingly.
2026-08-13T04:11:04Z [6,915ms] [Warning] [omni.isaac.franka.kinematics_solver] omni.isaac.franka has been deprecated in favor of isaacsim.robot.manipulators.examples.franka. Please update your code accordingly.
[6.950s] [ext: omni.kit.viewport.menubar.camera-107.0.6] startup
[7.069s] [ext: omni.isaac.lula-4.0.6] startup
2026-08-13T04:11:04Z [7,040ms] [Warning] [omni.isaac.lula] omni.isaac.lula has been deprecated in favor of isaacsim.robot_motion.lula. Please update your code accordingly.
[7.076s] [ext: omni.kit.selection-0.1.6] startup
[7.093s] [ext: omni.kit.viewport.menubar.settings-107.0.3] startup
[7.172s] [ext: omni.isaac.manipulators-3.0.7] startup
2026-08-13T04:11:04Z [7,147ms] [Warning] [omni.isaac.manipulators] omni.isaac.manipulators has been deprecated in favor of isaacsim.robot.manipulators. Please update your code accordingly.
2026-08-13T04:11:04Z [7,152ms] [Warning] [omni.isaac.manipulators.controllers] omni.isaac.manipulators has been deprecated in favor of isaacsim.robot.manipulators. Please update your code accordingly.
2026-08-13T04:11:04Z [7,157ms] [Warning] [omni.isaac.manipulators.controllers.pick_place_controller] omni.isaac.manipulators has been deprecated in favor of isaacsim.robot.manipulators. Please update your code accordingly.
2026-08-13T04:11:04Z [7,182ms] [Warning] [omni.isaac.manipulators.controllers.stacking_controller] omni.isaac.manipulators has been deprecated in favor of isaacsim.robot.manipulators. Please update your code accordingly.
2026-08-13T04:11:04Z [7,185ms] [Warning] [omni.isaac.manipulators.grippers] omni.isaac.manipulators has been deprecated in favor of isaacsim.robot.manipulators. Please update your code accordingly.
2026-08-13T04:11:04Z [7,194ms] [Warning] [omni.isaac.manipulators.grippers.gripper] omni.isaac.manipulators has been deprecated in favor of isaacsim.robot.manipulators. Please update your code accordingly.
2026-08-13T04:11:04Z [7,208ms] [Warning] [omni.isaac.manipulators.grippers.parallel_gripper] omni.isaac.manipulators has been deprecated in favor of isaacsim.robot.manipulators. Please update your code accordingly.
2026-08-13T04:11:04Z [7,210ms] [Warning] [omni.isaac.manipulators.grippers.surface_gripper] omni.isaac.manipulators has been deprecated in favor of isaacsim.robot.manipulators. Please update your code accordingly.
2026-08-13T04:11:04Z [7,212ms] [Warning] [omni.isaac.manipulators.manipulators] omni.isaac.manipulators has been deprecated in favor of isaacsim.robot.manipulators. Please update your code accordingly.
2026-08-13T04:11:04Z [7,214ms] [Warning] [omni.isaac.manipulators.manipulators.single_manipulator] omni.isaac.manipulators has been deprecated in favor of isaacsim.robot.manipulators. Please update your code accordingly.
[7.257s] [ext: isaacsim.gui.menu-2.4.4] startup
[7.375s] [ext: isaacsim.sensors.physics-0.4.3] startup
[7.415s] [ext: isaacsim.asset.browser-1.3.23] startup
[7.447s] [ext: omni.isaac.menu-1.0.6] startup
2026-08-13T04:11:04Z [7,422ms] [Warning] [omni.isaac.menu] omni.isaac.menu has been deprecated in favor of isaacsim.gui.menu. Please update your code accordingly.
[7.459s] [ext: isaacsim.robot.policy.examples-4.1.11] startup
[7.501s] [ext: omni.isaac.motion_generation-8.0.7] startup
2026-08-13T04:11:04Z [7,476ms] [Warning] [omni.isaac.motion_generation] omni.isaac.motion_generation has been deprecated in favor of isaacsim.robot_motion.motion_generation. Please update your code accordingly.
2026-08-13T04:11:04Z [7,479ms] [Warning] [omni.isaac.motion_generation.articulation_kinematics_solver] omni.isaac.motion_generation has been deprecated in favor of isaacsim.robot_motion.motion_generation. Please update your code accordingly.
2026-08-13T04:11:04Z [7,482ms] [Warning] [omni.isaac.motion_generation.articulation_motion_policy] omni.isaac.motion_generation has been deprecated in favor of isaacsim.robot_motion.motion_generation. Please update your code accordingly.
2026-08-13T04:11:04Z [7,483ms] [Warning] [omni.isaac.motion_generation.articulation_trajectory] omni.isaac.motion_generation has been deprecated in favor of isaacsim.robot_motion.motion_generation. Please update your code accordingly.
2026-08-13T04:11:04Z [7,484ms] [Warning] [omni.isaac.motion_generation.kinematics_interface] omni.isaac.motion_generation has been deprecated in favor of isaacsim.robot_motion.motion_generation. Please update your code accordingly.
2026-08-13T04:11:04Z [7,497ms] [Warning] [omni.isaac.motion_generation.lula] omni.isaac.motion_generation has been deprecated in favor of isaacsim.robot_motion.motion_generation. Please update your code accordingly.
2026-08-13T04:11:04Z [7,500ms] [Warning] [omni.isaac.motion_generation.lula.kinematics] omni.isaac.motion_generation has been deprecated in favor of isaacsim.robot_motion.motion_generation. Please update your code accordingly.
2026-08-13T04:11:04Z [7,505ms] [Warning] [omni.isaac.motion_generation.lula.motion_policies] omni.isaac.motion_generation has been deprecated in favor of isaacsim.robot_motion.motion_generation. Please update your code accordingly.
2026-08-13T04:11:04Z [7,508ms] [Warning] [omni.isaac.motion_generation.lula.path_planners] omni.isaac.motion_generation has been deprecated in favor of isaacsim.robot_motion.motion_generation. Please update your code accordingly.
2026-08-13T04:11:04Z [7,512ms] [Warning] [omni.isaac.motion_generation.lula.trajectory_generator] omni.isaac.motion_generation has been deprecated in favor of isaacsim.robot_motion.motion_generation. Please update your code accordingly.
2026-08-13T04:11:04Z [7,515ms] [Warning] [omni.isaac.motion_generation.motion_policy_controller] omni.isaac.motion_generation has been deprecated in favor of isaacsim.robot_motion.motion_generation. Please update your code accordingly.
2026-08-13T04:11:04Z [7,517ms] [Warning] [omni.isaac.motion_generation.motion_policy_interface] omni.isaac.motion_generation has been deprecated in favor of isaacsim.robot_motion.motion_generation. Please update your code accordingly.
2026-08-13T04:11:04Z [7,524ms] [Warning] [omni.isaac.motion_generation.path_planner_visualizer] omni.isaac.motion_generation has been deprecated in favor of isaacsim.robot_motion.motion_generation. Please update your code accordingly.
2026-08-13T04:11:04Z [7,525ms] [Warning] [omni.isaac.motion_generation.path_planning_interface] omni.isaac.motion_generation has been deprecated in favor of isaacsim.robot_motion.motion_generation. Please update your code accordingly.
2026-08-13T04:11:04Z [7,526ms] [Warning] [omni.isaac.motion_generation.trajectory] omni.isaac.motion_generation has been deprecated in favor of isaacsim.robot_motion.motion_generation. Please update your code accordingly.
2026-08-13T04:11:04Z [7,535ms] [Warning] [omni.isaac.motion_generation.world_interface] omni.isaac.motion_generation has been deprecated in favor of isaacsim.robot_motion.motion_generation. Please update your code accordingly.
[7.574s] [ext: omni.isaac.asset_browser-1.0.6] startup
2026-08-13T04:11:05Z [7,553ms] [Warning] [omni.isaac.asset_browser] omni.isaac.asset_browser has been deprecated in favor of isaacsim.asset.browser. Please update your code accordingly.
[7.602s] [ext: omni.isaac.nucleus-1.0.6] startup
2026-08-13T04:11:05Z [7,582ms] [Warning] [omni.isaac.nucleus] omni.isaac.nucleus has been deprecated in favor of isaacsim.storage.native. Please update your code accordingly.
2026-08-13T04:11:05Z [7,586ms] [Warning] [omni.isaac.nucleus.nucleus] omni.isaac.nucleus.nucleus has been deprecated in favor of isaacsim.storage.native. Please update your code accordingly.
[7.623s] [ext: omni.isaac.quadruped-3.0.7] startup
2026-08-13T04:11:05Z [7,595ms] [Warning] [omni.isaac.quadruped] omni.isaac.quadruped has been deprecated in favor of isaacsim.robot.policy.examples. Please update your code accordingly.
[7.641s] [ext: omni.isaac.assets_check-0.3.13] startup
2026-08-13T04:11:05Z [7,619ms] [Warning] [omni.isaac.assets_check] omni.isaac.assets_check has been deprecated in favor of isaacsim.asset.browser. Please update your code accordingly.
[7.662s] [ext: isaacsim.gui.content_browser-0.1.11] startup
[7.821s] [ext: omni.isaac.utils-2.0.6] startup
[7.962s] [ext: isaacsim.robot.wheeled_robots-4.0.24] startup
Warp DeprecationWarning: The `warp.sim` module is deprecated and will be removed in v1.10. Please transition to using the forthcoming Newton library instead.
[8.448s] [ext: isaacsim.app.about-2.0.11] startup
[8.463s] [ext: omni.isaac.version-2.0.7] startup
2026-08-13T04:11:05Z [8,435ms] [Warning] [omni.isaac.version] omni.isaac.version has been deprecated in favor of isaacsim.core.version. Please update your code accordingly.
[8.479s] [ext: isaacsim.cortex.behaviors-2.0.14] startup
[8.484s] [ext: omni.isaac.wheeled_robots-3.0.7] startup
2026-08-13T04:11:05Z [8,465ms] [Warning] [omni.isaac.wheeled_robots] omni.isaac.wheeled_robots has been deprecated in favor of isaacsim.robot.wheeled_robots. Please update your code accordingly.
2026-08-13T04:11:05Z [8,467ms] [Warning] [omni.isaac.wheeled_robots.controllers] omni.isaac.wheeled_robots has been deprecated in favor of isaacsim.robot.wheeled_robots. Please update your code accordingly.
2026-08-13T04:11:05Z [8,469ms] [Warning] [omni.isaac.wheeled_robots.controllers.ackermann_controller] omni.isaac.wheeled_robots has been deprecated in favor of isaacsim.robot.wheeled_robots. Please update your code accordingly.
2026-08-13T04:11:05Z [8,472ms] [Warning] [omni.isaac.wheeled_robots.controllers.differential_controller] omni.isaac.wheeled_robots has been deprecated in favor of isaacsim.robot.wheeled_robots. Please update your code accordingly.
2026-08-13T04:11:05Z [8,473ms] [Warning] [omni.isaac.wheeled_robots.controllers.holonomic_controller] omni.isaac.wheeled_robots has been deprecated in favor of isaacsim.robot.wheeled_robots. Please update your code accordingly.
2026-08-13T04:11:05Z [8,474ms] [Warning] [omni.isaac.wheeled_robots.controllers.quintic_path_planner] omni.isaac.wheeled_robots has been deprecated in favor of isaacsim.robot.wheeled_robots. Please update your code accordingly.
2026-08-13T04:11:05Z [8,477ms] [Warning] [omni.isaac.wheeled_robots.controllers.stanley_control] omni.isaac.wheeled_robots has been deprecated in favor of isaacsim.robot.wheeled_robots. Please update your code accordingly.
2026-08-13T04:11:05Z [8,481ms] [Warning] [omni.isaac.wheeled_robots.controllers.wheel_base_pose_controller] omni.isaac.wheeled_robots has been deprecated in favor of isaacsim.robot.wheeled_robots. Please update your code accordingly.
2026-08-13T04:11:05Z [8,482ms] [Warning] [omni.isaac.wheeled_robots.impl] omni.isaac.wheeled_robots has been deprecated in favor of isaacsim.robot.wheeled_robots. Please update your code accordingly.
2026-08-13T04:11:05Z [8,485ms] [Warning] [omni.isaac.wheeled_robots.robots] omni.isaac.wheeled_robots has been deprecated in favor of isaacsim.robot.wheeled_robots. Please update your code accordingly.
2026-08-13T04:11:05Z [8,492ms] [Warning] [omni.isaac.wheeled_robots.robots.holonomic_robot_usd_setup] omni.isaac.wheeled_robots has been deprecated in favor of isaacsim.robot.wheeled_robots. Please update your code accordingly.
2026-08-13T04:11:05Z [8,502ms] [Warning] [omni.isaac.wheeled_robots.robots.wheeled_robot] omni.isaac.wheeled_robots has been deprecated in favor of isaacsim.robot.wheeled_robots. Please update your code accordingly.
[8.540s] [ext: omni.isaac.window.about-2.0.7] startup
2026-08-13T04:11:06Z [8,560ms] [Warning] [omni.isaac.window.about] omni.isaac.window.about has been deprecated in favor of isaacsim.app.about. Please update your code accordingly.
2026-08-13T04:11:06Z [8,561ms] [Warning] [omni.isaac.window.about.about] omni.isaac.window.about.about has been deprecated in favor of isaacsim.app.about.about. Please update your code accordingly.
[8.597s] [ext: omni.kit.manipulator.camera-106.0.4] startup
[8.661s] [ext: omni.isaac.cortex.sample_behaviors-2.0.5] startup
2026-08-13T04:11:06Z [8,629ms] [Warning] [omni.isaac.cortex.sample_behaviors] omni.isaac.cortex.sample_behaviors has been deprecated in favor of isaacsim.cortex.behaviors. Please update your code accordingly.
[8.665s] [ext: omni.sensors.nv.common-3.0.0] startup
[8.729s] [ext: omni.kit.property.audio-1.0.16] startup
[8.738s] [ext: omni.kit.property.camera-1.0.10] startup
[8.758s] [ext: omni.sensors.net-1.0.0] startup
[8.777s] [ext: omni.sensors.nv.materials-2.0.0] startup
[8.815s] [ext: omni.kit.property.geometry-2.0.4] startup
[8.831s] [ext: omni.kit.property.light-1.0.12] startup
[8.881s] [ext: omni.kit.property.material-1.11.9] startup
[8.901s] [ext: omni.sensors.nv.ids-2.0.0] startup
[8.908s] [ext: omni.sensors.nv.wpm-3.0.0] startup
[8.916s] [ext: omni.sensors.nv.lidar-3.0.0] startup
[8.934s] [ext: omni.hydra.scene_api-0.1.2] startup
[8.955s] [ext: isaacsim.util.debug_draw-3.1.0] startup
[8.965s] [ext: omni.sensors.nv.radar-3.0.0] startup
[8.976s] [ext: omni.kit.property.render-1.2.1] startup
[8.977s] [ext: omni.kit.property.transform-1.5.13] startup
[8.989s] [ext: isaacsim.gui.property-1.1.3] startup
[8.996s] [ext: isaacsim.sensors.physx-2.3.2] startup
[9.011s] [ext: isaacsim.sensors.camera-1.3.6] startup
[9.028s] [ext: isaacsim.sensors.rtx-15.8.4] startup
[9.048s] [ext: isaacsim.core.cloner-1.4.10] startup
[9.065s] [ext: omni.kit.property.bundle-1.4.1] startup
[9.075s] [ext: omni.kit.property.isaac-1.0.6] startup
2026-08-13T04:11:06Z [9,044ms] [Warning] [omni.kit.property.isaac] omni.kit.property.isaac has been deprecated in favor of isaacsim.gui.property. Please update your code accordingly.
2026-08-13T04:11:06Z [9,044ms] [Warning] [omni.kit.property.isaac.widgets] omni.kit.property.isaac.widgets has been deprecated in favor of isaacsim.gui.property.widgets. Please update your code accordingly.
[9.079s] [ext: omni.isaac.range_sensor-4.0.6] startup
2026-08-13T04:11:06Z [9,045ms] [Warning] [omni.isaac.range_sensor] omni.isaac.range_sensor has been deprecated in favor of isaacsim.sensors.physx. Please update your code accordingly.
2026-08-13T04:11:06Z [9,052ms] [Warning] [omni.isaac.range_sensor.commands] omni.isaac.range_sensor.commands has been deprecated in favor of isaacsim.sensors.physx.commands. Please update your code accordingly.
[9.089s] [ext: isaacsim.replicator.writers-1.0.17] startup
[9.216s] [ext: omni.isaac.sensor-13.0.7] startup
2026-08-13T04:11:06Z [9,183ms] [Warning] [omni.isaac.sensor] omni.isaac.sensor has been deprecated in favor of isaacsim.sensors.camera, isaacsim.sensors.physics, isaacsim.sensors.physx, and isaacsim.sensors.rtx. Please update your code accordingly.
2026-08-13T04:11:06Z [9,184ms] [Warning] [omni.isaac.sensor.camera] omni.isaac.sensor.camera has been deprecated in favor of isaacsim.sensors.camera.camera. Please update your code accordingly.
2026-08-13T04:11:06Z [9,185ms] [Warning] [omni.isaac.sensor.camera_view] omni.isaac.sensor.camera_view has been deprecated in favor of isaacsim.sensors.camera.camera_view. Please update your code accordingly.
2026-08-13T04:11:06Z [9,185ms] [Warning] [omni.isaac.sensor.commands] omni.isaac.sensor.commands has been deprecated in favor of isaacsim.sensors.physics.commands, isaacsim.sensors.physx.commands, and isaacsim.sensors.rtx.commands. Please update your code accordingly.
2026-08-13T04:11:06Z [9,186ms] [Warning] [omni.isaac.sensor.contact_sensor] omni.isaac.sensor.contact_sensor has been deprecated in favor of isaacsim.sensors.physics.contact_sensor. Please update your code accordingly.
2026-08-13T04:11:06Z [9,187ms] [Warning] [omni.isaac.sensor.imu_sensor] omni.isaac.sensor.imu_sensor has been deprecated in favor of isaacsim.sensors.physics.imu_sensor. Please update your code accordingly.
2026-08-13T04:11:06Z [9,188ms] [Warning] [omni.isaac.sensor.lidar_rtx] omni.isaac.sensor.lidar_rtx has been deprecated in favor of isaacsim.sensors.rtx.lidar_rtx. Please update your code accordingly.
2026-08-13T04:11:06Z [9,190ms] [Warning] [omni.isaac.sensor.rotating_lidar_physX] omni.isaac.sensor.imu_sensor has been deprecated in favor of isaacsim.sensors.physix.rotating_lidar_physX. Please update your code accordingly.
2026-08-13T04:11:06Z [9,194ms] [Warning] [omni.isaac.sensor.scripts.samples.contact_sensor] omni.isaac.sensor.scripts.samples.contact_sensor has been deprecated in favor of isaacsim.sensors.physics.scripts.samples.contact_sensor. Please update your code accordingly.
2026-08-13T04:11:06Z [9,195ms] [Warning] [omni.isaac.sensor.scripts.samples.imu_sensor] omni.isaac.sensor.scripts.samples.imu_sensor has been deprecated in favor of isaacsim.sensors.physics.scripts.samples.imu_sensor. Please update your code accordingly.
2026-08-13T04:11:06Z [9,196ms] [Warning] [omni.isaac.sensor.scripts.samples.lightbeam_sensor] omni.isaac.sensor.scripts.samples.lightbeam_sensor has been deprecated in favor of isaacsim.sensors.physx.scripts.samples.lightbeam_sensor. Please update your code accordingly.
[9.233s] [ext: omni.isaac.cloner-1.0.7] startup
2026-08-13T04:11:06Z [9,209ms] [Warning] [omni.isaac.cloner] omni.isaac.cloner has been deprecated in favor of isaacsim.core.cloner. Please update your code accordingly.
[9.245s] [ext: omni.kit.viewport.menubar.lighting-107.3.1] startup
[9.325s] [ext: omni.kit.viewport.menubar.render-107.0.10] startup
[9.348s] [ext: isaacsim.replicator.domain_randomization-1.0.16] startup
[9.357s] [ext: isaacsim.replicator.examples-1.3.6] startup
[9.370s] [ext: omni.ocio-0.1.1] startup
[9.384s] [ext: omni.rtx.window.settings-0.6.19] startup
[9.425s] [ext: omni.kit.window.console-1.1.4] startup
[9.487s] [ext: omni.kit.window.status_bar-0.1.9] startup
[9.528s] [ext: omni.replicator.isaac-2.0.8] startup
2026-08-13T04:11:06Z [9,497ms] [Warning] [omni.replicator.isaac] omni.replicator.isaac has been deprecated in favor of isaacsim.replicator.domain_randomization, isaacsim.replicator.examples, isaacsim.replicator.writers. Please update your code accordingly.
[9.533s] [ext: omni.replicator.replicator_yaml-2.0.11] startup
[9.564s] [ext: omni.rtx.settings.core-0.6.5] startup
[9.588s] [ext: omni.usd.metrics.assembler.ui-107.3.1] startup
[9.648s] [ext: omni.isaac.surface_gripper-2.0.6] startup
2026-08-13T04:11:07Z [9,616ms] [Warning] [omni.isaac.surface_gripper] omni.isaac.surface_gripper has been deprecated in favor of isaacsim.robot.surface_gripper. Please update your code accordingly.
[9.651s] [ext: semantics.schema.editor-2.0.2] startup
[9.667s] [ext: omni.kit.ui.actions-1.0.5] startup
[9.673s] [ext: semantics.schema.property-2.0.1] startup
[9.679s] [ext: omni.isaac.universal_robots-1.0.6] startup
2026-08-13T04:11:07Z [9,648ms] [Warning] [omni.isaac.universal_robots] omni.isaac.universal_robots has been deprecated in favor of isaacsim.robot.manipulators.examples.universal_robots. Please update your code accordingly.
2026-08-13T04:11:07Z [9,648ms] [Warning] [omni.isaac.universal_robots.kinematics_solver] omni.isaac.franka has been deprecated in favor of isaacsim.robot.manipulators.examples.universal_robots. Please update your code accordingly.
2026-08-13T04:11:07Z [9,650ms] [Warning] [omni.isaac.universal_robots.ur10] omni.isaac.franka has been deprecated in favor of isaacsim.robot.manipulators.examples.universal_robots. Please update your code accordingly.
[9.685s] [ext: omni.isaac.core-4.0.7] startup
2026-08-13T04:11:07Z [9,656ms] [Warning] [omni.isaac.core.physics_context.physics_context] omni.isaac.core.physics_context.physics_context has been deprecated in favor of isaacsim.core.api.physics_context.physics_context. Please update your code accordingly.
2026-08-13T04:11:07Z [9,657ms] [Warning] [omni.isaac.core.simulation_context.simulation_context] omni.isaac.core.simulation_context.simulation_context has been deprecated in favor of isaacsim.core.api.simulation_context.simulation_context. Please update your code accordingly.
2026-08-13T04:11:07Z [9,658ms] [Warning] [omni.isaac.core.world.world] omni.isaac.core.world.world has been deprecated in favor of isaacsim.core.api.world.world. Please update your code accordingly.
2026-08-13T04:11:07Z [9,658ms] [Warning] [omni.isaac.core] omni.isaac.core has been deprecated in favor of isaacsim.core.api. Please update your code accordingly.
[9.693s] [ext: isaacsim.gui.sensors.icon-2.0.3] startup
[9.741s] [ext: isaacsim.asset.importer.mjcf-2.5.13] startup
[9.760s] [ext: omni.kit.menu.common-2.0.1] startup
[9.770s] [ext: isaacsim.exp.base-5.1.0] startup
[9.772s] [ext: omnigibson_5_1_0-3.9.0] startup
[9.775s] Simulation App Starting
2026-08-13T04:11:07Z [9,880ms] [Warning] [carb.audio.device] audio device is misconfigured or broken {deviceIndex = 0, name = 'default'} (The device is likely misconfigured, check your $HOME/.asoundrc)
2026-08-13T04:11:07Z [9,880ms] [Warning] [carb.audio.output] failed to retrieve the capabilities for device 0 {result = eDeviceLost (2)}
2026-08-13T04:11:07Z [9,880ms] [Warning] [carb.audio.context] failed to set the requested output during context creation.  Using a null streamer instead {result = eDeviceLost (2)}
2026-08-13T04:11:07Z [9,930ms] [Warning] [omni.fabric.plugin] Warning: attribute viewportHandle not found for bucket id 9

[9.995s] app ready
[16.400s] Simulation App Startup Complete
[17.406s] [ext: omni.physx.fabric-107.3.26] startup
2026-08-13T04:11:15Z [17,613ms] [Warning] [omni.fabric.plugin] Warning: attribute physics:filteredGroups not found for path /World/collision_groups/structural_doors

2026-08-13T04:11:17Z [20,078ms] [Warning] [omni.syntheticdata.plugin] OgnSdPostRenderVarToHost : rendervar copy from texture directly to host buffer is counter-performant. Please use copy from texture to device buffer first.

                   ____________
                  /          / \
                 /          / /__
                /          / /  /\
               /__________/ /__/  \
               \   _____  \ \__\  /
                \  \  / \  \ \_/ /
                 \  \/___\  \   /
                  \__________\_/  
       ___                  _  ____ _ _                     
      / _ \ _ __ ___  _ __ (_)/ ___(_) |__  ___  ___  _ __  
     | | | | '_ ` _ \| '_ \| | |  _| | '_ \/ __|/ _ \| '_ \ 
     | |_| | | | | | | | | | | |_| | | |_) \__ \ (_) | | | |
      \___/|_| |_| |_|_| |_|_|\____|_|_.__/|___/\___/|_| |_|

[0m[00:00:29.508] [INFO] [omnigibson.simulator] ---------- Welcome to OmniGibson! ----------[0m
2026-08-13T04:13:31Z [153,758ms] [Warning] [carb] Plugin interface for a client: omni.hydratexture.plugin was already released.
2026-08-13T04:13:38Z [161,394ms] [Warning] [omni.physx.tensors.plugin] DEPRECATED: Please use getDofFrictionProperties instead.
2026-08-13T04:13:38Z [161,394ms] [Warning] [omni.physx.tensors.plugin] DEPRECATED: Please use setDofFrictionProperties instead.
2026-08-13T04:13:38Z [161,396ms] [Warning] [omni.physx.tensors.plugin] DEPRECATED: Please use getDofFrictionProperties instead.
2026-08-13T04:13:38Z [161,396ms] [Warning] [omni.physx.tensors.plugin] DEPRECATED: Please use setDofFrictionProperties instead.
2026-08-13T04:13:38Z [161,397ms] [Warning] [omni.physx.tensors.plugin] DEPRECATED: Please use getDofFrictionProperties instead.
2026-08-13T04:13:38Z [161,397ms] [Warning] [omni.physx.tensors.plugin] DEPRECATED: Please use setDofFrictionProperties instead.
2026-08-13T04:13:38Z [161,486ms] [Warning] [omni.physx.tensors.plugin] DEPRECATED: Please use getDofFrictionProperties instead.
2026-08-13T04:13:38Z [161,487ms] [Warning] [omni.physx.tensors.plugin] DEPRECATED: Please use setDofFrictionProperties instead.
2026-08-13T04:13:38Z [161,488ms] [Warning] [omni.physx.tensors.plugin] DEPRECATED: Please use getDofFrictionProperties instead.
2026-08-13T04:13:38Z [161,488ms] [Warning] [omni.physx.tensors.plugin] DEPRECATED: Please use setDofFrictionProperties instead.
2026-08-13T04:13:39Z [161,568ms] [Warning] [omni.physx.tensors.plugin] DEPRECATED: Please use getDofFrictionProperties instead.
2026-08-13T04:13:39Z [161,568ms] [Warning] [omni.physx.tensors.plugin] DEPRECATED: Please use setDofFrictionProperties instead.
2026-08-13T04:13:39Z [161,660ms] [Warning] [omni.physx.tensors.plugin] DEPRECATED: Please use getDofFrictionProperties instead.
2026-08-13T04:13:39Z [161,660ms] [Warning] [omni.physx.tensors.plugin] DEPRECATED: Please use setDofFrictionProperties instead.
2026-08-13T04:13:39Z [161,661ms] [Warning] [omni.physx.tensors.plugin] DEPRECATED: Please use getDofFrictionProperties instead.
2026-08-13T04:13:39Z [161,661ms] [Warning] [omni.physx.tensors.plugin] DEPRECATED: Please use setDofFrictionProperties instead.
2026-08-13T04:13:39Z [161,662ms] [Warning] [omni.physx.tensors.plugin] DEPRECATED: Please use getDofFrictionProperties instead.
2026-08-13T04:13:39Z [161,662ms] [Warning] [omni.physx.tensors.plugin] DEPRECATED: Please use setDofFrictionProperties instead.
2026-08-13T04:13:39Z [161,948ms] [Warning] [omni.physx.tensors.plugin] DEPRECATED: Please use getDofFrictionProperties instead.
2026-08-13T04:13:39Z [161,948ms] [Warning] [omni.physx.tensors.plugin] DEPRECATED: Please use setDofFrictionProperties instead.
2026-08-13T04:13:39Z [161,950ms] [Warning] [omni.physx.tensors.plugin] DEPRECATED: Please use getDofFrictionProperties instead.
2026-08-13T04:13:39Z [161,950ms] [Warning] [omni.physx.tensors.plugin] DEPRECATED: Please use setDofFrictionProperties instead.
2026-08-13T04:13:39Z [162,002ms] [Warning] [omni.physx.tensors.plugin] DEPRECATED: Please use getDofFrictionProperties instead.
2026-08-13T04:13:39Z [162,002ms] [Warning] [omni.physx.tensors.plugin] DEPRECATED: Please use setDofFrictionProperties instead.
2026-08-13T04:13:39Z [162,013ms] [Warning] [omni.physx.tensors.plugin] DEPRECATED: Please use getDofFrictionProperties instead.
2026-08-13T04:13:39Z [162,014ms] [Warning] [omni.physx.tensors.plugin] DEPRECATED: Please use setDofFrictionProperties instead.
2026-08-13T04:13:39Z [162,029ms] [Warning] [omni.physx.tensors.plugin] DEPRECATED: Please use getDofFrictionProperties instead.
2026-08-13T04:13:39Z [162,029ms] [Warning] [omni.physx.tensors.plugin] DEPRECATED: Please use setDofFrictionProperties instead.
2026-08-13T04:13:39Z [162,045ms] [Warning] [omni.physx.tensors.plugin] DEPRECATED: Please use getDofFrictionProperties instead.
2026-08-13T04:13:39Z [162,045ms] [Warning] [omni.physx.tensors.plugin] DEPRECATED: Please use setDofFrictionProperties instead.
2026-08-13T04:13:39Z [162,060ms] [Warning] [omni.physx.tensors.plugin] DEPRECATED: Please use getDofFrictionProperties instead.
2026-08-13T04:13:39Z [162,060ms] [Warning] [omni.physx.tensors.plugin] DEPRECATED: Please use setDofFrictionProperties instead.
2026-08-13T04:13:39Z [162,076ms] [Warning] [omni.physx.tensors.plugin] DEPRECATED: Please use getDofFrictionProperties instead.
2026-08-13T04:13:39Z [162,076ms] [Warning] [omni.physx.tensors.plugin] DEPRECATED: Please use setDofFrictionProperties instead.
2026-08-13T04:13:40Z [162,807ms] [Warning] [omni.physx.tensors.plugin] DEPRECATED: Please use getDofFrictionProperties instead.
2026-08-13T04:13:40Z [162,807ms] [Warning] [omni.physx.tensors.plugin] DEPRECATED: Please use setDofFrictionProperties instead.
2026-08-13T04:13:40Z [162,808ms] [Warning] [omni.physx.tensors.plugin] DEPRECATED: Please use getDofFrictionProperties instead.
2026-08-13T04:13:40Z [162,808ms] [Warning] [omni.physx.tensors.plugin] DEPRECATED: Please use setDofFrictionProperties instead.
2026-08-13T04:13:40Z [162,868ms] [Warning] [omni.physx.tensors.plugin] DEPRECATED: Please use getDofFrictionProperties instead.
2026-08-13T04:13:40Z [162,868ms] [Warning] [omni.physx.tensors.plugin] DEPRECATED: Please use setDofFrictionProperties instead.
2026-08-13T04:13:40Z [162,869ms] [Warning] [omni.physx.tensors.plugin] DEPRECATED: Please use getDofFrictionProperties instead.
2026-08-13T04:13:40Z [162,870ms] [Warning] [omni.physx.tensors.plugin] DEPRECATED: Please use setDofFrictionProperties instead.
2026-08-13T04:13:42Z [164,671ms] [Warning] [omni.syntheticdata.plugin] SdRenderVarPtr missing valid input renderVar LdrColorSDhost
[0m[00:02:54.660] [INFO] [omnigibson.simulator] Imported scene 0.[0m
[33m[00:02:54.660] [WARNING] [omnigibson.envs.env_base] Robot config key 'type' is deprecated; use 'model' instead. Model IDs are lowercase (e.g. 'model': 'fetch'). [0m
[33m[00:02:54.750] [WARNING] [omnigibson.robots.robot] r1pro is set to floating base but is not a non-holonomic locomotion robot[0m
2026-08-13T04:14:14Z [197,430ms] [Warning] [carb] Client omni.hydratexture.plugin has acquired [carb::settings::ISettings v1.0] 100 times. Consider accessing this interface with carb::getCachedInterface() (Performance warning)
2026-08-13T04:14:16Z [198,668ms] [Warning] [carb] Client omni.hydratexture.plugin has acquired [carb::dictionary::IDictionary v1.1] 100 times. Consider accessing this interface with carb::getCachedInterface() (Performance warning)
[33m[00:03:29.869] [WARNING] [omnigibson.utils.usd_utils] RigidContactAPI cannot compute contacts because the physics sim view is invalid. This is expected if the physics sim view is not yet initialized, e.g. you are loading a scene for the first time.[0m
[33m[00:03:29.880] [WARNING] [omnigibson.utils.usd_utils] RigidContactAPI cannot compute contacts because the physics sim view is invalid. This is expected if the physics sim view is not yet initialized, e.g. you are loading a scene for the first time.[0m
2026-08-13T04:14:17Z [200,540ms] [Warning] [carb] Plugin interface for a client: omni.hydratexture.plugin was already released.
2026-08-13T04:14:18Z [200,544ms] [Warning] [carb] Plugin interface for a client: omni.hydratexture.plugin was already released.
2026-08-13T04:14:18Z [200,548ms] [Warning] [carb] Plugin interface for a client: omni.hydratexture.plugin was already released.
2026-08-13T04:14:18Z [200,551ms] [Warning] [carb] Plugin interface for a client: omni.hydratexture.plugin was already released.
2026-08-13T04:14:18Z [200,554ms] [Warning] [carb] Plugin interface for a client: omni.hydratexture.plugin was already released.
2026-08-13T04:14:18Z [200,557ms] [Warning] [carb] Plugin interface for a client: omni.hydratexture.plugin was already released.
2026-08-13T04:14:18Z [200,560ms] [Warning] [carb] Plugin interface for a client: omni.hydratexture.plugin was already released.
[0m[00:03:36.980] [INFO] [omnigibson.envs.hdf5_data_wrapper] 
Writing dataset hdf5 to: /root/rc_probe_tmp.hdf5
[0m
PROBE radio objects: ['radio_89']
[33m[00:03:38.951] [WARNING] [omnigibson.utils.usd_utils] RigidContactAPI cannot compute contacts because the physics sim view is invalid. This is expected if the physics sim view is not yet initialized, e.g. you are loading a scene for the first time.[0m
[33m[00:03:38.960] [WARNING] [omnigibson.utils.usd_utils] RigidContactAPI cannot compute contacts because the physics sim view is invalid. This is expected if the physics sim view is not yet initialized, e.g. you are loading a scene for the first time.[0m
2026-08-13T04:14:35Z [218,259ms] [Error] [omni.kit.app._impl] [py stderr]: /root/miniconda3/envs/behavior/lib/python3.11/site-packages/gymnasium/spaces/box.py:415: UserWarning: [33mWARN: Casting input x to numpy array.[0m
  gym.logger.warn("Casting input x to numpy array.")
PROBE radio@restore: sim=[3.442, 5.7983, 0.759] demo_label=[3.415299892425537, 5.765500068664551, 0.8052999973297119] diff_m=0.0627
PROBE t=  0 f=1300 radio_sim=[3.442, 5.798, 0.759] radio_demo=[3.4149999618530273, 5.764999866485596, 0.8050000071525574] drift=0.063 eefL=[0.822, 0.072, 0.894] eefL_to_radio=6.299 gripL=0.000 AG={'left': False, 'right': False}
PROBE t= 10 f=1310 radio_sim=[3.442, 5.799, 0.76] radio_demo=[3.4149999618530273, 5.764999866485596, 0.8050000071525574] drift=0.062 eefL=[0.81, 0.07, 0.894] eefL_to_radio=6.306 gripL=0.000 AG={'left': False, 'right': False}
PROBE t= 20 f=1320 radio_sim=[3.442, 5.799, 0.76] radio_demo=[3.4149999618530273, 5.765999794006348, 0.8050000071525574] drift=0.062 eefL=[0.8, 0.064, 0.892] eefL_to_radio=6.316 gripL=0.000 AG={'left': False, 'right': False}
PROBE t= 30 f=1330 radio_sim=[3.442, 5.799, 0.759] radio_demo=[3.4149999618530273, 5.765999794006348, 0.8050000071525574] drift=0.063 eefL=[0.789, 0.05, 0.891] eefL_to_radio=6.333 gripL=0.000 AG={'left': False, 'right': False}
2026-08-13T04:14:51Z [234,169ms] [Warning] [carb] Client gpu.foundation.plugin has acquired [gpu::unstable::IMemoryBudgetManagerFactory v0.1] 100 times. Consider accessing this interface with carb::getCachedInterface() (Performance warning)
PROBE t= 40 f=1340 radio_sim=[3.443, 5.799, 0.757] radio_demo=[3.4149999618530273, 5.765999794006348, 0.8050000071525574] drift=0.064 eefL=[0.777, 0.03, 0.886] eefL_to_radio=6.356 gripL=0.000 AG={'left': False, 'right': False}
PROBE t= 50 f=1350 radio_sim=[3.444, 5.799, 0.755] radio_demo=[3.4149999618530273, 5.765999794006348, 0.8050000071525574] drift=0.067 eefL=[0.768, 0.007, 0.883] eefL_to_radio=6.382 gripL=0.000 AG={'left': False, 'right': False}
PROBE t= 60 f=1360 radio_sim=[3.445, 5.799, 0.751] radio_demo=[3.4149999618530273, 5.765999794006348, 0.8050000071525574] drift=0.070 eefL=[0.759, -0.008, 0.875] eefL_to_radio=6.400 gripL=0.000 AG={'left': False, 'right': False}
PROBE t= 70 f=1370 radio_sim=[3.446, 5.8, 0.747] radio_demo=[3.4149999618530273, 5.765999794006348, 0.8050000071525574] drift=0.073 eefL=[0.745, -0.019, 0.865] eefL_to_radio=6.416 gripL=0.000 AG={'left': False, 'right': False}
PROBE t= 80 f=1380 radio_sim=[3.447, 5.8, 0.743] radio_demo=[3.4149999618530273, 5.765999794006348, 0.8050000071525574] drift=0.078 eefL=[0.733, -0.025, 0.854] eefL_to_radio=6.427 gripL=0.000 AG={'left': False, 'right': False}
PROBE t= 90 f=1390 radio_sim=[3.447, 5.8, 0.737] radio_demo=[3.4149999618530273, 5.765999794006348, 0.8050000071525574] drift=0.082 eefL=[0.725, -0.031, 0.853] eefL_to_radio=6.437 gripL=0.000 AG={'left': False, 'right': False}
PROBE t=100 f=1400 radio_sim=[3.447, 5.8, 0.731] radio_demo=[3.4149999618530273, 5.765999794006348, 0.8040000200271606] drift=0.087 eefL=[0.716, -0.039, 0.863] eefL_to_radio=6.448 gripL=0.000 AG={'left': False, 'right': False}
PROBE t=110 f=1410 radio_sim=[3.447, 5.802, 0.722] radio_demo=[3.302000045776367, 5.933000087738037, 0.7519999742507935] drift=0.197 eefL=[0.712, -0.036, 0.874] eefL_to_radio=6.448 gripL=0.000 AG={'left': False, 'right': False}
PROBE t=119 f=1419 radio_sim=[3.445, 5.804, 0.712] radio_demo=[3.3350000381469727, 5.882999897003174, 0.6769999861717224] drift=0.140 eefL=[0.714, -0.022, 0.878] eefL_to_radio=6.436 gripL=0.000 AG={'left': False, 'right': False}
PROBE_DONE
2026-08-13T04:15:28Z [270,981ms] [Warning] [carb] Client omni.kit.viewport.legacy_gizmos has acquired [carb::settings::ISettings v1.0] 100 times. Consider accessing this interface with carb::getCachedInterface() (Performance warning)
2026-08-13T04:15:28Z [270,982ms] [Warning] [carb] Client omni.kit.viewport.legacy_gizmos has acquired [carb::dictionary::IDictionary v1.1] 100 times. Consider accessing this interface with carb::getCachedInterface() (Performance warning)
2026-08-13T04:15:29Z [271,907ms] [Warning] [carb] Plugin interface for a client: omni.hydratexture.plugin was already released.
2026-08-13T04:15:35Z [278,350ms] [Warning] [carb] Plugin interface for a client: omni.hydratexture.plugin was already released.
2026-08-13T04:15:36Z [279,005ms] [Warning] [carb] Plugin interface for a client: omni.hydratexture.plugin was already released.

                   ____________
                  /          / \
                 /          / /__
                /          / /  /\
               /__________/ /__/  \
               \   _____  \ \__\  /
                \  \  / \  \ \_/ /
                 \  \/___\  \   /
                  \__________\_/  
       ___                  _  ____ _ _                     
      / _ \ _ __ ___  _ __ (_)/ ___(_) |__  ___  ___  _ __  
     | | | | '_ ` _ \| '_ \| | |  _| | '_ \/ __|/ _ \| '_ \ 
     | |_| | | | | | | | | | | |_| | | |_) \__ \ (_) | | | |
      \___/|_| |_| |_|_| |_|_|\____|_|_.__/|___/\___/|_| |_|

[0m[00:04:51.326] [INFO] [omnigibson.simulator] ---------- Welcome to OmniGibson! ----------[0m
2026-08-13T04:15:40Z [282,897ms] [Warning] [omni.graph.core.plugin] Could not find category 'Replicator:Annotators' for removal
2026-08-13T04:15:40Z [282,897ms] [Warning] [omni.graph.core.plugin] Could not find category 'Replicator:Annotators' for removal
2026-08-13T04:15:40Z [282,897ms] [Warning] [omni.graph.core.plugin] Could not find category 'Replicator' for removal
2026-08-13T04:15:40Z [282,897ms] [Warning] [omni.graph.core.plugin] Could not find category 'Replicator:Annotators' for removal
2026-08-13T04:15:40Z [282,897ms] [Warning] [omni.graph.core.plugin] Could not find category 'Replicator:Annotators' for removal
2026-08-13T04:15:40Z [282,897ms] [Warning] [omni.graph.core.plugin] Could not find category 'Replicator:Annotators' for removal
2026-08-13T04:15:40Z [282,897ms] [Warning] [omni.graph.core.plugin] Could not find category 'Replicator:Annotators' for removal
2026-08-13T04:15:40Z [282,897ms] [Warning] [omni.graph.core.plugin] Could not find category 'Replicator:Annotators' for removal
2026-08-13T04:15:40Z [282,897ms] [Warning] [omni.graph.core.plugin] Could not find category 'Replicator:Annotators' for removal
2026-08-13T04:15:40Z [282,897ms] [Warning] [omni.graph.core.plugin] Could not find category 'Replicator:Annotators' for removal
2026-08-13T04:15:40Z [282,897ms] [Warning] [omni.graph.core.plugin] Could not find category 'Replicator:Annotators' for removal
2026-08-13T04:15:40Z [282,897ms] [Warning] [omni.graph.core.plugin] Could not find category 'Replicator:Annotators' for removal
2026-08-13T04:15:40Z [282,897ms] [Warning] [omni.graph.core.plugin] Could not find category 'Replicator:Annotators' for removal
2026-08-13T04:15:40Z [282,897ms] [Warning] [omni.graph.core.plugin] Could not find category 'Replicator:Core' for removal
2026-08-13T04:15:40Z [282,902ms] [Warning] [omni.graph.core.plugin] Could not find category 'animation' for removal
2026-08-13T04:15:40Z [282,904ms] [Warning] [omni.physx.plugin] USD stage detach not called, holding a loose ptr to a stage!
2026-08-13T04:15:40Z [282,940ms] [Warning] [carb] Client omni.syntheticdata.plugin Failed to acquire interface [omni::graph::core::INode v4.10] while unloading all plugins
Fatal Python error: Segmentation fault

Thread 0x00007c761aaff6c0 (most recent call first):
  File "/root/miniconda3/envs/behavior/lib/python3.11/threading.py", line 331 in wait
  File "/root/miniconda3/envs/behavior/lib/python3.11/threading.py", line 629 in wait
  File "/root/miniconda3/envs/behavior/lib/python3.11/site-packages/tqdm/_monitor.py", line 69 in run
  File "/root/miniconda3/envs/behavior/lib/python3.11/threading.py", line 1045 in _bootstrap_inner
  File "/root/miniconda3/envs/behavior/lib/python3.11/threading.py", line 1002 in _bootstrap

Thread 0x00007c76e8b066c0 (most recent call first):
  File "/root/miniconda3/envs/behavior/lib/python3.11/site-packages/torch/_inductor/compile_worker/subproc_pool.py", line 55 in _recv_msg
  File "/root/miniconda3/envs/behavior/lib/python3.11/site-packages/torch/_inductor/compile_worker/subproc_pool.py", line 191 in _read_thread
  File "/root/miniconda3/envs/behavior/lib/python3.11/threading.py", line 982 in run
  File "/root/miniconda3/envs/behavior/lib/python3.11/threading.py", line 1045 in _bootstrap_inner
  File "/root/miniconda3/envs/behavior/lib/python3.11/threading.py", line 1002 in _bootstrap

Current thread 0x00007c789d539600 (most recent call first):
  <no Python frame>

Extension modules: numpy.core._multiarray_umath, numpy.core._multiarray_tests, numpy.linalg._umath_linalg, numpy.fft._pocketfft_internal, numpy.random._common, numpy.random.bit_generator, numpy.random._bounded_integers, numpy.random._mt19937, numpy.random.mtrand, numpy.random._philox, numpy.random._pcg64, numpy.random._sfc64, numpy.random._generator, h5py._errors, h5py.defs, h5py._objects, h5py.h5, h5py.utils, h5py.h5t, h5py.h5s, h5py.h5ac, h5py.h5p, h5py.h5r, h5py._proxy, h5py._conv, h5py.h5z, h5py.h5a, h5py.h5d, h5py.h5ds, h5py.h5g, h5py.h5i, h5py.h5o, h5py.h5f, h5py.h5fd, h5py.h5pl, h5py.h5l, h5py._selector, torch._C, torch._C._dynamo.autograd_compiler, torch._C._dynamo.eval_frame, torch._C._dynamo.guards, torch._C._dynamo.utils, torch._C._fft, torch._C._linalg, torch._C._nested, torch._C._nn, torch._C._sparse, torch._C._special, markupsafe._speedups, scipy._lib._ccallback_c, yaml._yaml, numba.core.typeconv._typeconv, numba._helperlib, numba._dynfunc, numba._dispatcher, numba.core.runtime._nrt_python, numba.np.ufunc._internal, numba.experimental.jitclass._box, scipy.sparse._sparsetools, _csparsetools, scipy.sparse._csparsetools, scipy.linalg._fblas, scipy.linalg._flapack, scipy.linalg.cython_lapack, scipy.linalg._cythonized_array_utils, scipy.linalg._solve_toeplitz, scipy.linalg._decomp_lu_cython, scipy.linalg._matfuncs_sqrtm_triu, scipy.linalg._matfuncs_expm, scipy.linalg._linalg_pythran, scipy.linalg.cython_blas, scipy.linalg._decomp_update, scipy.sparse.linalg._dsolve._superlu, scipy.sparse.linalg._eigen.arpack._arpack, scipy.sparse.linalg._propack._spropack, scipy.sparse.linalg._propack._dpropack, scipy.sparse.linalg._propack._cpropack, scipy.sparse.linalg._propack._zpropack, scipy.sparse.csgraph._tools, scipy.sparse.csgraph._shortest_path, scipy.sparse.csgraph._traversal, scipy.sparse.csgraph._min_spanning_tree, scipy.sparse.csgraph._flow, scipy.sparse.csgraph._matching, scipy.sparse.csgraph._reordering, scipy.spatial._ckdtree, scipy._lib.messagestream, scipy.spatial._qhull, scipy.spatial._voronoi, scipy.spatial._distance_wrap, scipy.spatial._hausdorff, scipy.special._ufuncs_cxx, scipy.special._ufuncs, scipy.special._specfun, scipy.special._comb, scipy.special._ellip_harm_2, scipy.spatial.transform._rotation, xxhash._xxhash, PIL._imaging, scipy.optimize._group_columns, scipy.optimize._trlib._trlib, scipy.optimize._lbfgsb, _moduleTNC, scipy.optimize._moduleTNC, scipy.optimize._cobyla, scipy.optimize._slsqp, scipy.optimize._minpack, scipy.optimize._lsq.givens_elimination, scipy.optimize._zeros, scipy.optimize._cython_nnls, scipy._lib._uarray._uarray, scipy.linalg._decomp_interpolative, scipy.optimize._bglu_dense, scipy.optimize._lsap, scipy.optimize._direct, psutil._psutil_linux, psutil._psutil_posix, lxml._elementpath, lxml.etree, scipy.ndimage._nd_image, scipy.ndimage._rank_filter_1d, _ni_label, scipy.ndimage._ni_label, _cffi_backend, kiwisolver._cext, scipy.integrate._odepack, scipy.integrate._quadpack, scipy.integrate._vode, scipy.integrate._dop, scipy.integrate._lsoda, scipy.interpolate._fitpack, scipy.interpolate._dfitpack, scipy.interpolate._dierckx, scipy.interpolate._ppoly, scipy.interpolate._interpnd, scipy.interpolate._rbfinterp_pythran, scipy.interpolate._rgi_cython, scipy.interpolate._bspl, scipy.special.cython_special, scipy.stats._stats, scipy.stats._sobol, scipy.stats._qmc_cy, scipy.stats._biasedurn, scipy.stats._stats_pythran, scipy.stats._levy_stable.levyst, scipy.stats._ansari_swilk_statistics, scipy.stats._mvn, scipy.stats._rcont.rcont, cls7kzul73lp67qi422ouxnpljra3cvqoekaxoddk5ldusujfoxi.kernel, cuda_utils, av._core, av.logging, av.bytesource, av.buffer, av.audio.format, av.error, av.dictionary, av.container.pyio, av.utils, av.option, av.descriptor, av.format, av.stream, av.container.streams, av.sidedata.motionvectors, av.sidedata.sidedata, av.opaque, av.packet, av.container.input, av.container.output, av.container.core, av.codec.context, av.video.format, av.video.reformatter, av.plane, av.video.plane, av.video.frame, av.video.stream, av.codec.hwaccel, av.codec.codec, av.frame, av.audio.layout, av.audio.plane, av.audio.frame, av.audio.stream, av.filter.link, av.filter.context, av.filter.graph, av.filter.filter, av.filter.loudnorm, av.audio.resampler, av.audio.codeccontext, av.audio.fifo, av.bitstream, av.video.codeccontext, scipy.cluster._vq, scipy.cluster._hierarchy, scipy.cluster._optimal_leaf_ordering, pyarrow.lib, pandas._libs.tslibs.ccalendar, pandas._libs.tslibs.np_datetime, pandas._libs.tslibs.dtypes, pandas._libs.tslibs.base, pandas._libs.tslibs.nattype, pandas._libs.tslibs.timezones, pandas._libs.tslibs.fields, pandas._libs.tslibs.timedeltas, pandas._libs.tslibs.tzconversion, pandas._libs.tslibs.timestamps, pandas._libs.properties, pandas._libs.tslibs.offsets, pandas._libs.tslibs.strptime, pandas._libs.tslibs.parsing, pandas._libs.tslibs.conversion, pandas._libs.tslibs.period, pandas._libs.tslibs.vectorized, pandas._libs.ops_dispatch, pandas._libs.missing, pandas._libs.hashtable, pandas._libs.algos, pandas._libs.interval, pandas._libs.lib, pyarrow._compute, pandas._libs.ops, pandas._libs.hashing, pandas._libs.arrays, pandas._libs.tslib, pandas._libs.sparse, pandas._libs.internals, pandas._libs.indexing, pandas._libs.index, pandas._libs.writers, pandas._libs.join, pandas._libs.window.aggregations, pandas._libs.window.indexers, pandas._libs.reshape, pandas._libs.groupby, pandas._libs.json, pandas._libs.parsers, pandas._libs.testing, pyarrow._acero, pyarrow._fs, pyarrow._csv, pyarrow._json, pyarrow._substrait, pyarrow._dataset, pyarrow._dataset_orc, pyarrow._parquet, pyarrow._azurefs, pyarrow._hdfs, pyarrow._gcsfs, pyarrow._s3fs, pyarrow._parquet_encryption, pyarrow._dataset_parquet_encryption, pyarrow._dataset_parquet, charset_normalizer.md, requests.packages.charset_normalizer.md, requests.packages.chardet.md, multidict._multidict, yarl._quoting_c, propcache._helpers_c, aiohttp._http_writer, aiohttp._http_parser, aiohttp._websocket.mask, aiohttp._websocket.reader_c, frozenlist._frozenlist, omni.mdl.pymdlsdk._pymdlsdk, osqp._osqp, scipy.io.matlab._mio_utils, scipy.io.matlab._streams, scipy.io.matlab._mio5_utils, PIL._imagingft, c6es5tod2t75cbrrzcvvj4tq75gzhvpdh3xrbpd532a253z5cle7.kernel, cnqcnavonzq6uycdymbv2a3bl6kibqpmntnlid2hui3bfqcc7m6x.kernel, ci3lwm6jsod7yiatrzbpu52jsjfdeyoozpznop5767zjlz7rhjle.kernel, csnaeuplheltczwlnw7nuqedjxp2gkeh7vbznziawm6pmbwlpqsq.kernel, c3e6pjznhucazxm553wxya2vw3yot4fkethbu6beuufirjdua3ty.kernel, cnygznrdfm2g6k5gqvstbsc7fg5zphq4cdku7hug44skixazal7e.kernel, cg7wn2lnx6nwztef65mmncixhe7va54aq3hcrkiiyk3d6sea5abd.kernel, cyi4vmsg4gyat2syznm6ng2oettmmzh33qr4bcuohheq7hzr6bc6.kernel, cpt2i7psyv46iht27gp6r3awat6tluw5dtx4fqaw5xnuibtfarze.kernel, cjvdcbsbg6cxe7ge4pyqniszxtftvhamgofwvm4ijrv6qtqrf2c2.kernel, cuesroseqbopdtxlu5h57v5jueaxqbxjxx4zcisvghq5lqpfmuo2.kernel, cvskwj7lofzbza2k4qgbi44cyunrbpbg3672m2aadt6vs3zqwnuc.kernel, ct47bwc3uh6s32izr74fytg5trfd2xjxhyyvjahmcrtyhwirdkz3.kernel, cf2rbvcc7cmhq3b7ks3tvfsuuktekspb4rmpqbenwus7dwjmj4cu.kernel, chndnzf3mrhof576jtojb6jeugdnxkv6doludqmwm7kclgnw3wyp.kernel, clz6c4x43tyn6r7l3pxy67td2sktwnmjpnbvikfj4gb2mz55jf6q.kernel, cfw7ocxo27y2sfcij442g3lczjfjigcwtqm2kkgox4to4yfoyebw.kernel, ceyq5o3gc75ydv62ewshjakhku6p4k2srkxjjkotfb5qqts7qsxi.kernel, c22hd2xqeyrhygl7sv4rewucosi2zil7k5bag4z4qmekut3vgcx4.kernel, cxyzbbys2ujhzz7zhxyknzepwtmipsxpo7ztslffeplvg23y7lmy.kernel, cytigljf74zwxz37sznmmbmruxbervnqcibqj7xjxmussjd6cw5v.kernel, cp5gcs6xcgf7vp5w544po73iypdvm3eqjcngqo6cryr6m3zoipfg.kernel, cc7xlwwisgvcdilaxrptdw7vneaukoahpijmbtshz3xza2gynjio.kernel, czw65t2kfxnvnyhbie5nxw4ipwh5dtneywmhzlmowsotfdxpazbp.kernel, cdfovskzwvaxnnlppjguf36avohfxioru4q2q4gjgy725howkg4c.kernel, c5tg3wfusqixxkpabb6bmm46vmy6lh23rumvn7bqws2clvvfhlz6.kernel (total: 298)
